ARM Linker, 4.1 [Build 481] [Standard]

==============================================================================

Section Cross References

    main.o(.text) refers to _printf_pad.o(.text) for _printf_pre_padding
    main.o(.text) refers to _printf_percent.o(.ARM.Collect$$_printf_percent$$00000000) for _printf_percent
    main.o(.text) refers to _printf_x.o(.ARM.Collect$$_printf_percent$$0000000C) for _printf_x
    main.o(.text) refers to _printf_hex_int_ll_ptr.o(.text) for _printf_longlong_hex
    main.o(.text) refers to _printf_f.o(.ARM.Collect$$_printf_percent$$00000003) for _printf_f
    main.o(.text) refers to printf1.o(x$fpl$printf1) for _printf_fp_dec
    main.o(.text) refers to _printf_d.o(.ARM.Collect$$_printf_percent$$00000009) for _printf_d
    main.o(.text) refers to _printf_dec.o(.text) for _printf_int_dec
    main.o(.text) refers to delay.o(.text) for delay_init
    main.o(.text) refers to sys.o(.text) for NVIC_Configuration
    main.o(.text) refers to usart2.o(.text) for USART2_Init
    main.o(.text) refers to timer.o(.text) for TIM2_NVIC_Configuration
    main.o(.text) refers to led.o(.text) for LED_GPIO_Config
    main.o(.text) refers to max31865.o(.text) for MAX31865_Init
    main.o(.text) refers to sht1x.o(.text) for SHT10_Config
    main.o(.text) refers to exti.o(.text) for EXTIX_Init
    main.o(.text) refers to sim900a.o(.text) for sim900a_word_test
    main.o(.text) refers to stm32f10x_gpio.o(.text) for GPIO_ResetBits
    main.o(.text) refers to __2sprintf.o(.text) for __2sprintf
    main.o(.text) refers to f2d.o(x$fpl$f2d) for __aeabi_f2d
    main.o(.text) refers to strlen.o(.text) for strlen
    main.o(.text) refers to stm32f10x_rcc.o(.text) for RCC_APB1PeriphClockCmd
    main.o(.text) refers to stm32f10x_tim.o(.text) for TIM_Cmd
    main.o(.text) refers to main.o(.data) for MCU_SN
    main.o(.text) refers to sim900a.o(.data) for Flag_Rec_TCP
    main.o(.text) refers to exti.o(.data) for Flag_Send_data
    system_stm32f10x.o(.text) refers to system_stm32f10x.o(.data) for SystemCoreClock
    timer.o(.text) refers to misc.o(.text) for NVIC_PriorityGroupConfig
    timer.o(.text) refers to stm32f10x_rcc.o(.text) for RCC_APB1PeriphClockCmd
    timer.o(.text) refers to stm32f10x_tim.o(.text) for TIM_DeInit
    timer.o(.text) refers to timer.o(.data) for time_count
    timer.o(.text) refers to exti.o(.data) for Flag_Send_data
    usart2.o(.text) refers to stm32f10x_tim.o(.text) for TIM_SetCounter
    usart2.o(.text) refers to stm32f10x_usart.o(.text) for USART_GetITStatus
    usart2.o(.text) refers to stm32f10x_rcc.o(.text) for RCC_APB1PeriphClockCmd
    usart2.o(.text) refers to misc.o(.text) for NVIC_Init
    usart2.o(.text) refers to stm32f10x_dma.o(.text) for DMA_DeInit
    usart2.o(.text) refers to stm32f10x_gpio.o(.text) for GPIO_Init
    usart2.o(.text) refers to c89vsprintf.o(.text) for __c89vsprintf
    usart2.o(.text) refers to strlen.o(.text) for strlen
    usart2.o(.text) refers to strstr.o(.text) for strstr
    usart2.o(.text) refers to usart2.o(.data) for USART2_RX_STA
    usart2.o(.text) refers to usart2.o(.bss) for USART2_RX_BUF
    usart2.o(.text) refers to sim900a.o(.data) for Flag_Rec_TCP
    exti.o(.text) refers to stm32f10x_gpio.o(.text) for GPIO_Init
    exti.o(.text) refers to stm32f10x_rcc.o(.text) for RCC_APB2PeriphClockCmd
    exti.o(.text) refers to stm32f10x_exti.o(.text) for EXTI_Init
    exti.o(.text) refers to misc.o(.text) for NVIC_Init
    exti.o(.text) refers to exti.o(.data) for Flag_Send_data
    key.o(.text) refers to stm32f10x_rcc.o(.text) for RCC_APB2PeriphClockCmd
    key.o(.text) refers to stm32f10x_gpio.o(.text) for GPIO_Init
    led.o(.text) refers to stm32f10x_rcc.o(.text) for RCC_APB2PeriphClockCmd
    led.o(.text) refers to stm32f10x_gpio.o(.text) for GPIO_Init
    max31865.o(.text) refers to stm32f10x_gpio.o(.text) for GPIO_WriteBit
    max31865.o(.text) refers to stm32f10x_rcc.o(.text) for RCC_APB2PeriphClockCmd
    max31865.o(.text) refers to fflt_clz.o(x$fpl$ffltu) for __aeabi_ui2f
    max31865.o(.text) refers to f2d.o(x$fpl$f2d) for __aeabi_f2d
    max31865.o(.text) refers to ddiv.o(x$fpl$ddiv) for __aeabi_ddiv
    max31865.o(.text) refers to dmul.o(x$fpl$dmul) for __aeabi_dmul
    max31865.o(.text) refers to d2f.o(x$fpl$d2f) for __aeabi_d2f
    max31865.o(.text) refers to fmul.o(x$fpl$fmul) for __aeabi_fmul
    max31865.o(.text) refers to faddsub_clz.o(x$fpl$fsub) for __aeabi_fsub
    max31865.o(.text) refers to fdiv.o(x$fpl$fdiv) for __aeabi_fdiv
    max31865.o(.text) refers to faddsub_clz.o(x$fpl$fadd) for __aeabi_fadd
    max31865.o(.text) refers to sqrt.o(i.sqrt) for sqrt
    max31865.o(.text) refers to daddsub_clz.o(x$fpl$dadd) for __aeabi_dadd
    max31865.o(.text) refers to frleqf.o(x$fpl$frleqf) for __aeabi_cfrcmple
    max31865.o(.text) refers to ffixu.o(x$fpl$ffixu) for __aeabi_f2uiz
    max31865.o(.text) refers to daddsub_clz.o(x$fpl$dsub) for __aeabi_dsub
    sht1x.o(.text) refers to stm32f10x_gpio.o(.text) for GPIO_Init
[...]
    _printf_widthprec                        0x00000000   Number         0  printf_stubs.o ABSOLUTE
    __ARM_exceptions_init                     - Undefined Weak Reference
    __alloca_initialize                       - Undefined Weak Reference
    __cpp_initialize__aeabi_                  - Undefined Weak Reference
    __cxa_finalize                            - Undefined Weak Reference
    __fpl_infinity                            - Undefined Weak Reference
    __sigvec_lookup                           - Undefined Weak Reference
    _atexit_init                              - Undefined Weak Reference
    _call_atexit_fns                          - Undefined Weak Reference
    _clock_init                               - Undefined Weak Reference
    _fp_trap_init                             - Undefined Weak Reference
    _fp_trap_shutdown                         - Undefined Weak Reference
    _get_lc_collate                           - Undefined Weak Reference
    _get_lc_monetary                          - Undefined Weak Reference
    _get_lc_time                              - Undefined Weak Reference
    _getenv_init                              - Undefined Weak Reference
    _handle_redirection                       - Undefined Weak Reference
    _init_alloc                               - Undefined Weak Reference
    _init_user_alloc                          - Undefined Weak Reference
    _initio                                   - Undefined Weak Reference
    _mutex_acquire                            - Undefined Weak Reference
    _mutex_release                            - Undefined Weak Reference
    _printf_fp_hex                            - Undefined Weak Reference
    _printf_mbtowc                            - Undefined Weak Reference
    _printf_wc                                - Undefined Weak Reference
    _rand_init                                - Undefined Weak Reference
    _signal_finish                            - Undefined Weak Reference
    _signal_init                              - Undefined Weak Reference
    _terminate_alloc                          - Undefined Weak Reference
    _terminate_user_alloc                     - Undefined Weak Reference
    _terminateio                              - Undefined Weak Reference
    __Vectors_Size                           0x00000130   Number         0  startup_stm32f10x_hd.o ABSOLUTE
    __Vectors                                0x08000000   Data           4  startup_stm32f10x_hd.o(RESET)
    __Vectors_End                            0x08000130   Data           0  startup_stm32f10x_hd.o(RESET)
    __main                                   0x08000131   Thumb Code     8  __main.o(!!!main)
    __scatterload                            0x08000139   Thumb Code     0  __scatter.o(!!!scatter)
    __scatterload_rt2                        0x08000139   Thumb Code    44  __scatter.o(!!!scatter)
    __scatterload_rt2_thumb_only             0x08000139   Thumb Code     0  __scatter.o(!!!scatter)
    __scatterload_null                       0x08000147   Thumb Code     0  __scatter.o(!!!scatter)
    __decompress                             0x0800016d   Thumb Code   100  __dclz77c.o(!!dclz77c)
    __decompress2                            0x0800016d   Thumb Code     0  __dclz77c.o(!!dclz77c)
    __scatterload_zeroinit                   0x080001d1   Thumb Code    28  __scatter_zi.o(!!handler_zi)
    _printf_n                                0x080001ed   Thumb Code     0  _printf_n.o(.ARM.Collect$$_printf_percent$$00000001)
    _printf_percent                          0x080001ed   Thumb Code     0  _printf_percent.o(.ARM.Collect$$_printf_percent$$00000000)
    _printf_p                                0x080001f3   Thumb Code     0  _printf_p.o(.ARM.Collect$$_printf_percent$$00000002)
    _printf_f                                0x080001f9   Thumb Code     0  _printf_f.o(.ARM.Collect$$_printf_percent$$00000003)
    _printf_e                                0x080001ff   Thumb Code     0  _printf_e.o(.ARM.Collect$$_printf_percent$$00000004)
    _printf_g                                0x08000205   Thumb Code     0  _printf_g.o(.ARM.Collect$$_printf_percent$$00000005)
    _printf_a                                0x0800020b   Thumb Code     0  _printf_a.o(.ARM.Collect$$_printf_percent$$00000006)
    _printf_ll                               0x08000211   Thumb Code     0  _printf_ll.o(.ARM.Collect$$_printf_percent$$00000007)
    _printf_i                                0x0800021b   Thumb Code     0  _printf_i.o(.ARM.Collect$$_printf_percent$$00000008)
    _printf_d                                0x08000221   Thumb Code     0  _printf_d.o(.ARM.Collect$$_printf_percent$$00000009)
    _printf_u                                0x08000227   Thumb Code     0  _printf_u.o(.ARM.Collect$$_printf_percent$$0000000A)
    _printf_o                                0x0800022d   Thumb Code     0  _printf_o.o(.ARM.Collect$$_printf_percent$$0000000B)
    _printf_x                                0x08000233   Thumb Code     0  _printf_x.o(.ARM.Collect$$_printf_percent$$0000000C)
    _printf_lli                              0x08000239   Thumb Code     0  _printf_lli.o(.ARM.Collect$$_printf_percent$$0000000D)
    _printf_lld                              0x0800023f   Thumb Code     0  _printf_lld.o(.ARM.Collect$$_printf_percent$$0000000E)
    _printf_llu                              0x08000245   Thumb Code     0  _printf_llu.o(.ARM.Collect$$_printf_percent$$0000000F)
    _printf_llo                              0x0800024b   Thumb Code     0  _printf_llo.o(.ARM.Collect$$_printf_percent$$00000010)
    _printf_llx                              0x08000251   Thumb Code     0  _printf_llx.o(.ARM.Collect$$_printf_percent$$00000011)
    _printf_l                                0x08000257   Thumb Code     0  _printf_l.o(.ARM.Collect$$_printf_percent$$00000012)
    _printf_c                                0x08000261   Thumb Code     0  _printf_c.o(.ARM.Collect$$_printf_percent$$00000013)
    _printf_s                                0x08000267   Thumb Code     0  _printf_s.o(.ARM.Collect$$_printf_percent$$00000014)
    _printf_lc                               0x0800026d   Thumb Code     0  _printf_lc.o(.ARM.Collect$$_printf_percent$$00000015)
    _printf_ls                               0x08000273   Thumb Code     0  _printf_ls.o(.ARM.Collect$$_printf_percent$$00000016)
    _printf_percent_end                      0x08000279   Thumb Code     0  _printf_percent_end.o(.ARM.Collect$$_printf_percent$$00000017)
    __rt_lib_init                            0x0800027d   Thumb Code     0  libinit.o(.ARM.Collect$$libinit$$00000000)
    __rt_lib_init_heap_1                     0x08000283   Thumb Code     0  libinit2.o(.ARM.Collect$$libinit$$00000006)
    __rt_lib_init_lc_common                  0x08000283   Thumb Code     0  libinit2.o(.ARM.Collect$$libinit$$0000000B)
    __rt_lib_init_rand_1                     0x08000283   Thumb Code     0  libinit2.o(.ARM.Collect$$libinit$$0000000A)
    __rt_lib_init_user_alloc_1               0x08000283   Thumb Code     0  libinit2.o(.ARM.Collect$$libinit$$00000008)
    __rt_lib_init_lc_collate_1               0x08000289   Thumb Code     0  libinit2.o(.ARM.Collect$$libinit$$0000000D)
    __rt_lib_init_lc_ctype_2                 0x08000289   Thumb Code     0  libinit2.o(.ARM.Collect$$libinit$$0000000E)
    __rt_lib_init_lc_ctype_1                 0x08000295   Thumb Code     0  libinit2.o(.ARM.Collect$$libinit$$0000000F)
    __rt_lib_init_lc_monetary_1              0x08000295   Thumb Code     0  libinit2.o(.ARM.Collect$$libinit$$00000011)
    __rt_lib_init_lc_numeric_2               0x08000295   Thumb Code     0  libinit2.o(.ARM.Collect$$libinit$$00000012)
    __rt_lib_init_alloca_1                   0x0800029f   Thumb Code     0  libinit2.o(.ARM.Collect$$libinit$$0000002A)
    __rt_lib_init_argv_1                     0x0800029f   Thumb Code     0  libinit2.o(.ARM.Collect$$libinit$$00000028)
    __rt_lib_init_atexit_1                   0x0800029f   Thumb Code     0  libinit2.o(.ARM.Collect$$libinit$$00000017)
    __rt_lib_init_clock_1                    0x0800029f   Thumb Code     0  libinit2.o(.ARM.Collect$$libinit$$0000001D)
    __rt_lib_init_cpp_1                      0x0800029f   Thumb Code     0  libinit2.o(.ARM.Collect$$libinit$$0000002E)
    __rt_lib_init_exceptions_1               0x0800029f   Thumb Code     0  libinit2.o(.ARM.Collect$$libinit$$0000002C)
    __rt_lib_init_fp_trap_1                  0x0800029f   Thumb Code     0  libinit2.o(.ARM.Collect$$libinit$$0000001B)
    __rt_lib_init_getenv_1                   0x0800029f   Thumb Code     0  libinit2.o(.ARM.Collect$$libinit$$0000001F)
    __rt_lib_init_lc_numeric_1               0x0800029f   Thumb Code     0  libinit2.o(.ARM.Collect$$libinit$$00000013)
    __rt_lib_init_lc_time_1                  0x0800029f   Thumb Code     0  libinit2.o(.ARM.Collect$$libinit$$00000015)
    __rt_lib_init_return                     0x0800029f   Thumb Code     0  libinit2.o(.ARM.Collect$$libinit$$0000002F)
    __rt_lib_init_signal_1                   0x0800029f   Thumb Code     0  libinit2.o(.ARM.Collect$$libinit$$00000019)
    __rt_lib_init_stdio_1                    0x0800029f   Thumb Code     0  libinit2.o(.ARM.Collect$$libinit$$00000021)
    __rt_lib_shutdown                        0x080002a1   Thumb Code     0  libshutdown.o(.ARM.Collect$$libshutdown$$00000000)
    __rt_lib_shutdown_fp_trap_1              0x080002a3   Thumb Code     0  libshutdown2.o(.ARM.Collect$$libshutdown$$00000006)
    __rt_lib_shutdown_heap_1                 0x080002a3   Thumb Code     0  libshutdown2.o(.ARM.Collect$$libshutdown$$0000000E)
    __rt_lib_shutdown_return                 0x080002a3   Thumb Code     0  libshutdown2.o(.ARM.Collect$$libshutdown$$0000000F)
    __rt_lib_shutdown_signal_1               0x080002a3   Thumb Code     0  libshutdown2.o(.ARM.Collect$$libshutdown$$00000009)
    __rt_lib_shutdown_stdio_1                0x080002a3   Thumb Code     0  libshutdown2.o(.ARM.Collect$$libshutdown$$00000003)
    __rt_lib_shutdown_user_alloc_1           0x080002a3   Thumb Code     0  libshutdown2.o(.ARM.Collect$$libshutdown$$0000000B)
    __rt_entry                               0x080002a5   Thumb Code     0  rtentry.o(.ARM.Collect$$rtentry$$00000000)
    __rt_entry_presh_1                       0x080002a5   Thumb Code     0  rtentry2.o(.ARM.Collect$$rtentry$$00000002)
    __rt_entry_sh                            0x080002a5   Thumb Code     0  rtentry4.o(.ARM.Collect$$rtentry$$00000004)
    __rt_entry_li                            0x080002ab   Thumb Code     0  rtentry2.o(.ARM.Collect$$rtentry$$0000000A)
    __rt_entry_postsh_1                      0x080002ab   Thumb Code     0  rtentry2.o(.ARM.Collect$$rtentry$$00000009)
    __rt_entry_main                          0x080002af   Thumb Code     0  rtentry2.o(.ARM.Collect$$rtentry$$0000000D)
    __rt_entry_postli_1                      0x080002af   Thumb Code     0  rtentry2.o(.ARM.Collect$$rtentry$$0000000C)
    __rt_exit                                0x080002b7   Thumb Code     0  rtexit.o(.ARM.Collect$$rtexit$$00000000)
    __rt_exit_ls                             0x080002b9   Thumb Code     0  rtexit2.o(.ARM.Collect$$rtexit$$00000003)
    __rt_exit_prels_1                        0x080002b9   Thumb Code     0  rtexit2.o(.ARM.Collect$$rtexit$$00000002)
    __rt_exit_exit                           0x080002bd   Thumb Code     0  rtexit2.o(.ARM.Collect$$rtexit$$00000004)
    GetLockCode                              0x080002c5   Thumb Code    86  main.o(.text)
    main                                     0x0800031b   Thumb Code   416  main.o(.text)
    NMI_Handler                              0x08000525   Thumb Code     2  stm32f10x_it.o(.text)
    HardFault_Handler                        0x08000527   Thumb Code     4  stm32f10x_it.o(.text)
    MemManage_Handler                        0x0800052b   Thumb Code     4  stm32f10x_it.o(.text)
    BusFault_Handler                         0x0800052f   Thumb Code     4  stm32f10x_it.o(.text)
    UsageFault_Handler                       0x08000533   Thumb Code     4  stm32f10x_it.o(.text)
    SVC_Handler                              0x08000537   Thumb Code     2  stm32f10x_it.o(.text)
    DebugMon_Handler                         0x08000539   Thumb Code     2  stm32f10x_it.o(.text)
    PendSV_Handler                           0x0800053b   Thumb Code     2  stm32f10x_it.o(.text)
    SysTick_Handler                          0x0800053d   Thumb Code     2  stm32f10x_it.o(.text)
    SystemInit                               0x08000609   Thumb Code    78  system_stm32f10x.o(.text)
    SystemCoreClockUpdate                    0x08000657   Thumb Code   142  system_stm32f10x.o(.text)
    TIM2_NVIC_Configuration                  0x08000709   Thumb Code    42  timer.o(.text)
    TIM2_Configuration                       0x08000733   Thumb Code   100  timer.o(.text)
    TIM2_IRQHandler                          0x08000797   Thumb Code    80  timer.o(.text)
    TIM4_Set                                 0x080007f1   Thumb Code    34  usart2.o(.text)
    USART2_IRQHandler                        0x08000813   Thumb Code    84  usart2.o(.text)
    TIM4_Init                                0x08000867   Thumb Code    82  usart2.o(.text)
    UART_DMA_Config                          0x080008b9   Thumb Code    72  usart2.o(.text)
    USART2_Init                              0x08000901   Thumb Code   204  usart2.o(.text)
    UART_DMA_Enable                          0x080009cd   Thumb Code    32  usart2.o(.text)
    u2_printf                                0x080009ed   Thumb Code    50  usart2.o(.text)
    TIM4_IRQHandler                          0x08000a1f   Thumb Code    80  usart2.o(.text)
    USART3_IRQHandler                        0x08000a6f   Thumb Code    22  usart2.o(.text)
    USART3_Init                              0x08000a85   Thumb Code   188  usart2.o(.text)
    EXTIX_Init                               0x08000b7d   Thumb Code   112  exti.o(.text)
    EXTI0_IRQHandler                         0x08000bed   Thumb Code    24  exti.o(.text)
    LED_GPIO_Config                          0x08000c0d   Thumb Code    50  led.o(.text)
    DelayCount                               0x08000c45   Thumb Code    10  max31865.o(.text)
    MAX31865_Write                           0x08000c4f   Thumb Code   196  max31865.o(.text)
    MAX31865_Cfg                             0x08000d13   Thumb Code    12  max31865.o(.text)
    MAX31865_Init                            0x08000d1f   Thumb Code   154  max31865.o(.text)
    MAX31865_Read                            0x08000db9   Thumb Code   178  max31865.o(.text)
    MAX31865_GetTemp                         0x08000e6b   Thumb Code   650  max31865.o(.text)
    SHT10_Dly                                0x080010fd   Thumb Code    16  sht1x.o(.text)
    SHT10_DATAOut                            0x0800110d   Thumb Code    32  sht1x.o(.text)
    SHT10_TransStart                         0x0800112d   Thumb Code   120  sht1x.o(.text)
    SHT10_ConReset                           0x080011a5   Thumb Code    76  sht1x.o(.text)
    SHT10_Config                             0x080011f1   Thumb Code    72  sht1x.o(.text)
    SHT10_DATAIn                             0x08001239   Thumb Code    32  sht1x.o(.text)
    SHT10_WriteByte                          0x08001259   Thumb Code   174  sht1x.o(.text)
    SHT10_ReadByte                           0x08001307   Thumb Code   150  sht1x.o(.text)
    SHT10_SoftReset                          0x0800139d   Thumb Code    22  sht1x.o(.text)
    SHT10_ReadStatusReg                      0x080013b3   Thumb Code    40  sht1x.o(.text)
    SHT10_WriteStatusReg                     0x080013db   Thumb Code    34  sht1x.o(.text)
    SHT10_Measure                            0x080013fd   Thumb Code   148  sht1x.o(.text)
    SHT10_CalcuDewPoint                      0x08001491   Thumb Code   232  sht1x.o(.text)
    getSHT1xTemp                             0x08001579   Thumb Code    72  sht1x.o(.text)
    getSHT1xHumi                             0x080015c1   Thumb Code   128  sht1x.o(.text)
    delay_init                               0x08001665   Thumb Code    40  delay.o(.text)
    delay_us                                 0x0800168d   Thumb Code    70  delay.o(.text)
    delay_ms                                 0x080016d3   Thumb Code    70  delay.o(.text)
    NVIC_Configuration                       0x08001729   Thumb Code    12  sys.o(.text)
    _sys_exit                                0x08001735   Thumb Code     6  usart.o(.text)
    fputc                                    0x0800173b   Thumb Code    20  usart.o(.text)
    uart_init                                0x0800174f   Thumb Code   174  usart.o(.text)
    UART1SendByte                            0x080017fd   Thumb Code    28  usart.o(.text)
    USART1_IRQHandler                        0x08001819   Thumb Code   106  usart.o(.text)
    Reset_Handler                            0x08001899   Thumb Code     8  startup_stm32f10x_hd.o(.text)
    ADC1_2_IRQHandler                        0x080018b3   Thumb Code     0  startup_stm32f10x_hd.o(.text)
    ADC3_IRQHandler                          0x080018b3   Thumb Code     0  startup_stm32f10x_hd.o(.text)
    CAN1_RX1_IRQHandler                      0x080018b3   Thumb Code     0  startup_stm32f10x_hd.o(.text)
    CAN1_SCE_IRQHandler                      0x080018b3   Thumb Code     0  startup_stm32f10x_hd.o(.text)
    DMA1_Channel1_IRQHandler                 0x080018b3   Thumb Code     0  startup_stm32f10x_hd.o(.text)
    DMA1_Channel2_IRQHandler                 0x080018b3   Thumb Code     0  startup_stm32f10x_hd.o(.text)
    DMA1_Channel3_IRQHandler                 0x080018b3   Thumb Code     0  startup_stm32f10x_hd.o(.text)
    DMA1_Channel4_IRQHandler                 0x080018b3   Thumb Code     0  startup_stm32f10x_hd.o(.text)
    DMA1_Channel5_IRQHandler                 0x080018b3   Thumb Code     0  startup_stm32f10x_hd.o(.text)
    DMA1_Channel6_IRQHandler                 0x080018b3   Thumb Code     0  startup_stm32f10x_hd.o(.text)
    DMA1_Channel7_IRQHandler                 0x080018b3   Thumb Code     0  startup_stm32f10x_hd.o(.text)
    DMA2_Channel1_IRQHandler                 0x080018b3   Thumb Code     0  startup_stm32f10x_hd.o(.text)
    DMA2_Channel2_IRQHandler                 0x080018b3   Thumb Code     0  startup_stm32f10x_hd.o(.text)
    DMA2_Channel3_IRQHandler                 0x080018b3   Thumb Code     0  startup_stm32f10x_hd.o(.text)
    DMA2_Channel4_5_IRQHandler               0x080018b3   Thumb Code     0  startup_stm32f10x_hd.o(.text)
    EXTI15_10_IRQHandler                     0x080018b3   Thumb Code     0  startup_stm32f10x_hd.o(.text)
    EXTI1_IRQHandler                         0x080018b3   Thumb Code     0  startup_stm32f10x_hd.o(.text)
    EXTI2_IRQHandler                         0x080018b3   Thumb Code     0  startup_stm32f10x_hd.o(.text)
    EXTI3_IRQHandler                         0x080018b3   Thumb Code     0  startup_stm32f10x_hd.o(.text)
    EXTI4_IRQHandler                         0x080018b3   Thumb Code     0  startup_stm32f10x_hd.o(.text)
    EXTI9_5_IRQHandler                       0x080018b3   Thumb Code     0  startup_stm32f10x_hd.o(.text)
    FLASH_IRQHandler                         0x080018b3   Thumb Code     0  startup_stm32f10x_hd.o(.text)
    FSMC_IRQHandler                          0x080018b3   Thumb Code     0  startup_stm32f10x_hd.o(.text)
    I2C1_ER_IRQHandler                       0x080018b3   Thumb Code     0  startup_stm32f10x_hd.o(.text)
    I2C1_EV_IRQHandler                       0x080018b3   Thumb Code     0  startup_stm32f10x_hd.o(.text)
    I2C2_ER_IRQHandler                       0x080018b3   Thumb Code     0  startup_stm32f10x_hd.o(.text)
    I2C2_EV_IRQHandler                       0x080018b3   Thumb Code     0  startup_stm32f10x_hd.o(.text)
    PVD_IRQHandler                           0x080018b3   Thumb Code     0  startup_stm32f10x_hd.o(.text)
    RCC_IRQHandler                           0x080018b3   Thumb Code     0  startup_stm32f10x_hd.o(.text)
    RTCAlarm_IRQHandler                      0x080018b3   Thumb Code     0  startup_stm32f10x_hd.o(.text)
    RTC_IRQHandler                           0x080018b3   Thumb Code     0  startup_stm32f10x_hd.o(.text)
    SDIO_IRQHandler                          0x080018b3   Thumb Code     0  startup_stm32f10x_hd.o(.text)
    SPI1_IRQHandler                          0x080018b3   Thumb Code     0  startup_stm32f10x_hd.o(.text)
    SPI2_IRQHandler                          0x080018b3   Thumb Code     0  startup_stm32f10x_hd.o(.text)
    SPI3_IRQHandler                          0x080018b3   Thumb Code     0  startup_stm32f10x_hd.o(.text)
    TAMPER_IRQHandler                        0x080018b3   Thumb Code     0  startup_stm32f10x_hd.o(.text)
    TIM1_BRK_IRQHandler                      0x080018b3   Thumb Code     0  startup_stm32f10x_hd.o(.text)
    TIM1_CC_IRQHandler                       0x080018b3   Thumb Code     0  startup_stm32f10x_hd.o(.text)
    TIM1_TRG_COM_IRQHandler                  0x080018b3   Thumb Code     0  startup_stm32f10x_hd.o(.text)
    TIM1_UP_IRQHandler                       0x080018b3   Thumb Code     0  startup_stm32f10x_hd.o(.text)
    TIM3_IRQHandler                          0x080018b3   Thumb Code     0  startup_stm32f10x_hd.o(.text)
    TIM5_IRQHandler                          0x080018b3   Thumb Code     0  startup_stm32f10x_hd.o(.text)
    TIM6_IRQHandler                          0x080018b3   Thumb Code     0  startup_stm32f10x_hd.o(.text)
    TIM7_IRQHandler                          0x080018b3   Thumb Code     0  startup_stm32f10x_hd.o(.text)
    TIM8_BRK_IRQHandler                      0x080018b3   Thumb Code     0  startup_stm32f10x_hd.o(.text)
    TIM8_CC_IRQHandler                       0x080018b3   Thumb Code     0  startup_stm32f10x_hd.o(.text)
    TIM8_TRG_COM_IRQHandler                  0x080018b3   Thumb Code     0  startup_stm32f10x_hd.o(.text)
    TIM8_UP_IRQHandler                       0x080018b3   Thumb Code     0  startup_stm32f10x_hd.o(.text)
    UART4_IRQHandler                         0x080018b3   Thumb Code     0  startup_stm32f10x_hd.o(.text)
    UART5_IRQHandler                         0x080018b3   Thumb Code     0  startup_stm32f10x_hd.o(.text)
    USBWakeUp_IRQHandler                     0x080018b3   Thumb Code     0  startup_stm32f10x_hd.o(.text)
    USB_HP_CAN1_TX_IRQHandler                0x080018b3   Thumb Code     0  startup_stm32f10x_hd.o(.text)
    USB_LP_CAN1_RX0_IRQHandler               0x080018b3   Thumb Code     0  startup_stm32f10x_hd.o(.text)
    WWDG_IRQHandler                          0x080018b3   Thumb Code     0  startup_stm32f10x_hd.o(.text)
    __user_initial_stackheap                 0x080018b5   Thumb Code     0  startup_stm32f10x_hd.o(.text)
    NVIC_PriorityGroupConfig                 0x080018d9   Thumb Code    10  misc.o(.text)
    NVIC_Init                                0x080018e3   Thumb Code   118  misc.o(.text)
    NVIC_SetVectorTable                      0x08001959   Thumb Code    12  misc.o(.text)
    NVIC_SystemLPConfig                      0x08001965   Thumb Code    38  misc.o(.text)
    SysTick_CLKSourceConfig                  0x0800198b   Thumb Code    40  misc.o(.text)
    GPIO_DeInit                              0x080019d1   Thumb Code   172  stm32f10x_gpio.o(.text)
    GPIO_AFIODeInit                          0x08001a7d   Thumb Code    20  stm32f10x_gpio.o(.text)
    GPIO_Init                                0x08001a91   Thumb Code   274  stm32f10x_gpio.o(.text)
    GPIO_StructInit                          0x08001ba3   Thumb Code    16  stm32f10x_gpio.o(.text)
    GPIO_ReadInputDataBit                    0x08001bb3   Thumb Code    18  stm32f10x_gpio.o(.text)
    GPIO_ReadInputData                       0x08001bc5   Thumb Code     8  stm32f10x_gpio.o(.text)
    GPIO_ReadOutputDataBit                   0x08001bcd   Thumb Code    18  stm32f10x_gpio.o(.text)
    GPIO_ReadOutputData                      0x08001bdf   Thumb Code     8  stm32f10x_gpio.o(.text)
    GPIO_SetBits                             0x08001be7   Thumb Code     4  stm32f10x_gpio.o(.text)
    GPIO_ResetBits                           0x08001beb   Thumb Code     4  stm32f10x_gpio.o(.text)
    GPIO_WriteBit                            0x08001bef   Thumb Code    10  stm32f10x_gpio.o(.text)
    GPIO_Write                               0x08001bf9   Thumb Code     4  stm32f10x_gpio.o(.text)
    GPIO_PinLockConfig                       0x08001bfd   Thumb Code    18  stm32f10x_gpio.o(.text)
    GPIO_EventOutputConfig                   0x08001c0f   Thumb Code    26  stm32f10x_gpio.o(.text)
    GPIO_EventOutputCmd                      0x08001c29   Thumb Code     6  stm32f10x_gpio.o(.text)
    GPIO_PinRemapConfig                      0x08001c2f   Thumb Code   138  stm32f10x_gpio.o(.text)
    GPIO_EXTILineConfig                      0x08001cb9   Thumb Code    66  stm32f10x_gpio.o(.text)
    GPIO_ETH_MediaInterfaceConfig            0x08001cfb   Thumb Code     6  stm32f10x_gpio.o(.text)
    RCC_DeInit                               0x08001d29   Thumb Code    64  stm32f10x_rcc.o(.text)
    RCC_HSEConfig                            0x08001d69   Thumb Code    70  stm32f10x_rcc.o(.text)
    RCC_GetFlagStatus                        0x08001daf   Thumb Code    56  stm32f10x_rcc.o(.text)
    RCC_WaitForHSEStartUp                    0x08001de7   Thumb Code    48  stm32f10x_rcc.o(.text)
    RCC_AdjustHSICalibrationValue            0x08001e17   Thumb Code    20  stm32f10x_rcc.o(.text)
    RCC_HSICmd                               0x08001e2b   Thumb Code     6  stm32f10x_rcc.o(.text)
    RCC_PLLConfig                            0x08001e31   Thumb Code    24  stm32f10x_rcc.o(.text)
    RCC_PLLCmd                               0x08001e49   Thumb Code     6  stm32f10x_rcc.o(.text)
    RCC_SYSCLKConfig                         0x08001e4f   Thumb Code    18  stm32f10x_rcc.o(.text)
    RCC_GetSYSCLKSource                      0x08001e61   Thumb Code    10  stm32f10x_rcc.o(.text)
    RCC_HCLKConfig                           0x08001e6b   Thumb Code    18  stm32f10x_rcc.o(.text)
    RCC_PCLK1Config                          0x08001e7d   Thumb Code    18  stm32f10x_rcc.o(.text)
    RCC_PCLK2Config                          0x08001e8f   Thumb Code    20  stm32f10x_rcc.o(.text)
    RCC_ITConfig                             0x08001ea3   Thumb Code    30  stm32f10x_rcc.o(.text)
    RCC_USBCLKConfig                         0x08001ec1   Thumb Code     6  stm32f10x_rcc.o(.text)
    RCC_ADCCLKConfig                         0x08001ec7   Thumb Code    18  stm32f10x_rcc.o(.text)
    RCC_LSEConfig                            0x08001ed9   Thumb Code    44  stm32f10x_rcc.o(.text)
    RCC_LSICmd                               0x08001f05   Thumb Code     6  stm32f10x_rcc.o(.text)
    RCC_RTCCLKConfig                         0x08001f0b   Thumb Code    12  stm32f10x_rcc.o(.text)
    RCC_RTCCLKCmd                            0x08001f17   Thumb Code     6  stm32f10x_rcc.o(.text)
    RCC_GetClocksFreq                        0x08001f1d   Thumb Code   192  stm32f10x_rcc.o(.text)
    RCC_AHBPeriphClockCmd                    0x08001fdd   Thumb Code    26  stm32f10x_rcc.o(.text)
    RCC_APB2PeriphClockCmd                   0x08001ff7   Thumb Code    26  stm32f10x_rcc.o(.text)
    RCC_APB1PeriphClockCmd                   0x08002011   Thumb Code    26  stm32f10x_rcc.o(.text)
    RCC_APB2PeriphResetCmd                   0x0800202b   Thumb Code    26  stm32f10x_rcc.o(.text)
    RCC_APB1PeriphResetCmd                   0x08002045   Thumb Code    26  stm32f10x_rcc.o(.text)
    RCC_BackupResetCmd                       0x0800205f   Thumb Code     6  stm32f10x_rcc.o(.text)
    RCC_ClockSecuritySystemCmd               0x08002065   Thumb Code     6  stm32f10x_rcc.o(.text)
    RCC_MCOConfig                            0x0800206b   Thumb Code     6  stm32f10x_rcc.o(.text)
    RCC_ClearFlag                            0x08002071   Thumb Code    14  stm32f10x_rcc.o(.text)
    RCC_GetITStatus                          0x0800207f   Thumb Code    20  stm32f10x_rcc.o(.text)
    RCC_ClearITPendingBit                    0x08002093   Thumb Code     6  stm32f10x_rcc.o(.text)
    USART_DeInit                             0x080020cd   Thumb Code   134  stm32f10x_usart.o(.text)
    USART_Init                               0x08002153   Thumb Code   210  stm32f10x_usart.o(.text)
    USART_StructInit                         0x08002225   Thumb Code    24  stm32f10x_usart.o(.text)
    USART_ClockInit                          0x0800223d   Thumb Code    34  stm32f10x_usart.o(.text)
    USART_ClockStructInit                    0x0800225f   Thumb Code    12  stm32f10x_usart.o(.text)
    USART_Cmd                                0x0800226b   Thumb Code    24  stm32f10x_usart.o(.text)
    USART_ITConfig                           0x08002283   Thumb Code    74  stm32f10x_usart.o(.text)
    USART_DMACmd                             0x080022cd   Thumb Code    24  stm32f10x_usart.o(.text)
    USART_SetAddress                         0x080022e5   Thumb Code    18  stm32f10x_usart.o(.text)
    USART_WakeUpConfig                       0x080022f7   Thumb Code    18  stm32f10x_usart.o(.text)
    USART_ReceiverWakeUpCmd                  0x08002309   Thumb Code    24  stm32f10x_usart.o(.text)
    USART_LINBreakDetectLengthConfig         0x08002321   Thumb Code    18  stm32f10x_usart.o(.text)
    USART_LINCmd                             0x08002333   Thumb Code    24  stm32f10x_usart.o(.text)
    USART_SendData                           0x0800234b   Thumb Code     8  stm32f10x_usart.o(.text)
    USART_ReceiveData                        0x08002353   Thumb Code    10  stm32f10x_usart.o(.text)
    USART_SendBreak                          0x0800235d   Thumb Code    10  stm32f10x_usart.o(.text)
    USART_SetGuardTime                       0x08002367   Thumb Code    16  stm32f10x_usart.o(.text)
    USART_SetPrescaler                       0x08002377   Thumb Code    16  stm32f10x_usart.o(.text)
    USART_SmartCardCmd                       0x08002387   Thumb Code    24  stm32f10x_usart.o(.text)
    USART_SmartCardNACKCmd                   0x0800239f   Thumb Code    24  stm32f10x_usart.o(.text)
    USART_HalfDuplexCmd                      0x080023b7   Thumb Code    24  stm32f10x_usart.o(.text)
    USART_OverSampling8Cmd                   0x080023cf   Thumb Code    22  stm32f10x_usart.o(.text)
    USART_OneBitMethodCmd                    0x080023e5   Thumb Code    24  stm32f10x_usart.o(.text)
    USART_IrDAConfig                         0x080023fd   Thumb Code    18  stm32f10x_usart.o(.text)
    USART_IrDACmd                            0x0800240f   Thumb Code    24  stm32f10x_usart.o(.text)
    USART_GetFlagStatus                      0x08002427   Thumb Code    26  stm32f10x_usart.o(.text)
    USART_ClearFlag                          0x08002441   Thumb Code    18  stm32f10x_usart.o(.text)
    USART_GetITStatus                        0x08002453   Thumb Code    84  stm32f10x_usart.o(.text)
    USART_ClearITPendingBit                  0x080024a7   Thumb Code    50  stm32f10x_usart.o(.text)
    TIM_DeInit                               0x080024d9   Thumb Code   424  stm32f10x_tim.o(.text)
    TIM_TimeBaseInit                         0x08002681   Thumb Code   122  stm32f10x_tim.o(.text)
    TIM_OC1Init                              0x080026fb   Thumb Code   132  stm32f10x_tim.o(.text)
    TIM_OC2Init                              0x0800277f   Thumb Code   146  stm32f10x_tim.o(.text)
    TIM_OC3Init                              0x08002811   Thumb Code   142  stm32f10x_tim.o(.text)
    TIM_OC4Init                              0x0800289f   Thumb Code   172  stm32f10x_tim.o(.text)
    TIM_SetIC4Prescaler                      0x0800294b   Thumb Code    22  stm32f10x_tim.o(.text)
    TIM_SetIC3Prescaler                      0x080029d7   Thumb Code    18  stm32f10x_tim.o(.text)
    TIM_SetIC2Prescaler                      0x08002a5b   Thumb Code    22  stm32f10x_tim.o(.text)
    TIM_SetIC1Prescaler                      0x08002ae7   Thumb Code    18  stm32f10x_tim.o(.text)
    TIM_ICInit                               0x08002b63   Thumb Code   150  stm32f10x_tim.o(.text)
    TIM_PWMIConfig                           0x08002bf9   Thumb Code   124  stm32f10x_tim.o(.text)
    TIM_BDTRConfig                           0x08002c75   Thumb Code    32  stm32f10x_tim.o(.text)
    TIM_TimeBaseStructInit                   0x08002c95   Thumb Code    18  stm32f10x_tim.o(.text)
    TIM_OCStructInit                         0x08002ca7   Thumb Code    20  stm32f10x_tim.o(.text)
    TIM_ICStructInit                         0x08002cbb   Thumb Code    18  stm32f10x_tim.o(.text)
    TIM_BDTRStructInit                       0x08002ccd   Thumb Code    18  stm32f10x_tim.o(.text)
    TIM_Cmd                                  0x08002cdf   Thumb Code    24  stm32f10x_tim.o(.text)
    TIM_CtrlPWMOutputs                       0x08002cf7   Thumb Code    52  stm32f10x_tim.o(.text)
    TIM_ITConfig                             0x08002d2b   Thumb Code    24  stm32f10x_tim.o(.text)
    TIM_GenerateEvent                        0x08002d43   Thumb Code     4  stm32f10x_tim.o(.text)
    TIM_DMAConfig                            0x08002d47   Thumb Code    10  stm32f10x_tim.o(.text)
    TIM_DMACmd                               0x08002d51   Thumb Code    24  stm32f10x_tim.o(.text)
    TIM_InternalClockConfig                  0x08002d69   Thumb Code    12  stm32f10x_tim.o(.text)
    TIM_SelectInputTrigger                   0x08002d75   Thumb Code    18  stm32f10x_tim.o(.text)
    TIM_ITRxExternalClockConfig              0x08002d87   Thumb Code    24  stm32f10x_tim.o(.text)
    TIM_TIxExternalClockConfig               0x08002d9f   Thumb Code    62  stm32f10x_tim.o(.text)
    TIM_ETRConfig                            0x08002ddd   Thumb Code    24  stm32f10x_tim.o(.text)
    TIM_ETRClockMode1Config                  0x08002df5   Thumb Code    54  stm32f10x_tim.o(.text)
    TIM_ETRClockMode2Config                  0x08002e2b   Thumb Code    32  stm32f10x_tim.o(.text)
    TIM_PrescalerConfig                      0x08002e4b   Thumb Code     6  stm32f10x_tim.o(.text)
    TIM_CounterModeConfig                    0x08002e51   Thumb Code    18  stm32f10x_tim.o(.text)
    TIM_EncoderInterfaceConfig               0x08002e63   Thumb Code    62  stm32f10x_tim.o(.text)
    TIM_ForcedOC1Config                      0x08002ea1   Thumb Code    18  stm32f10x_tim.o(.text)
    TIM_ForcedOC2Config                      0x08002eb3   Thumb Code    22  stm32f10x_tim.o(.text)
    TIM_ForcedOC3Config                      0x08002ec9   Thumb Code    18  stm32f10x_tim.o(.text)
    TIM_ForcedOC4Config                      0x08002edb   Thumb Code    22  stm32f10x_tim.o(.text)
    TIM_ARRPreloadConfig                     0x08002ef1   Thumb Code    24  stm32f10x_tim.o(.text)
    TIM_SelectCOM                            0x08002f09   Thumb Code    24  stm32f10x_tim.o(.text)
    TIM_SelectCCDMA                          0x08002f21   Thumb Code    24  stm32f10x_tim.o(.text)
    TIM_CCPreloadControl                     0x08002f39   Thumb Code    24  stm32f10x_tim.o(.text)
    TIM_OC1PreloadConfig                     0x08002f51   Thumb Code    18  stm32f10x_tim.o(.text)
    TIM_OC2PreloadConfig                     0x08002f63   Thumb Code    22  stm32f10x_tim.o(.text)
    TIM_OC3PreloadConfig                     0x08002f79   Thumb Code    18  stm32f10x_tim.o(.text)
    TIM_OC4PreloadConfig                     0x08002f8b   Thumb Code    22  stm32f10x_tim.o(.text)
    TIM_OC1FastConfig                        0x08002fa1   Thumb Code    18  stm32f10x_tim.o(.text)
    TIM_OC2FastConfig                        0x08002fb3   Thumb Code    22  stm32f10x_tim.o(.text)
    TIM_OC3FastConfig                        0x08002fc9   Thumb Code    18  stm32f10x_tim.o(.text)
    TIM_OC4FastConfig                        0x08002fdb   Thumb Code    22  stm32f10x_tim.o(.text)
    TIM_ClearOC1Ref                          0x08002ff1   Thumb Code    18  stm32f10x_tim.o(.text)
    TIM_ClearOC2Ref                          0x08003003   Thumb Code    20  stm32f10x_tim.o(.text)
    TIM_ClearOC3Ref                          0x08003017   Thumb Code    18  stm32f10x_tim.o(.text)
    TIM_ClearOC4Ref                          0x08003029   Thumb Code    20  stm32f10x_tim.o(.text)
    TIM_OC1PolarityConfig                    0x0800303d   Thumb Code    18  stm32f10x_tim.o(.text)
    TIM_OC1NPolarityConfig                   0x0800304f   Thumb Code    18  stm32f10x_tim.o(.text)
    TIM_OC2PolarityConfig                    0x08003061   Thumb Code    22  stm32f10x_tim.o(.text)
    TIM_OC2NPolarityConfig                   0x08003077   Thumb Code    22  stm32f10x_tim.o(.text)
    TIM_OC3PolarityConfig                    0x0800308d   Thumb Code    22  stm32f10x_tim.o(.text)
    TIM_OC3NPolarityConfig                   0x080030a3   Thumb Code    22  stm32f10x_tim.o(.text)
    TIM_OC4PolarityConfig                    0x080030b9   Thumb Code    22  stm32f10x_tim.o(.text)
    TIM_CCxCmd                               0x080030cf   Thumb Code    34  stm32f10x_tim.o(.text)
    TIM_CCxNCmd                              0x080030f1   Thumb Code    34  stm32f10x_tim.o(.text)
    TIM_SelectOCxM                           0x08003113   Thumb Code    82  stm32f10x_tim.o(.text)
    TIM_UpdateDisableConfig                  0x08003165   Thumb Code    24  stm32f10x_tim.o(.text)
    TIM_UpdateRequestConfig                  0x0800317d   Thumb Code    24  stm32f10x_tim.o(.text)
    TIM_SelectHallSensor                     0x08003195   Thumb Code    24  stm32f10x_tim.o(.text)
    TIM_SelectOnePulseMode                   0x080031ad   Thumb Code    18  stm32f10x_tim.o(.text)
    TIM_SelectOutputTrigger                  0x080031bf   Thumb Code    18  stm32f10x_tim.o(.text)
    TIM_SelectSlaveMode                      0x080031d1   Thumb Code    18  stm32f10x_tim.o(.text)
    TIM_SelectMasterSlaveMode                0x080031e3   Thumb Code    18  stm32f10x_tim.o(.text)
    TIM_SetCounter                           0x080031f5   Thumb Code     4  stm32f10x_tim.o(.text)
    TIM_SetAutoreload                        0x080031f9   Thumb Code     4  stm32f10x_tim.o(.text)
    TIM_SetCompare1                          0x080031fd   Thumb Code     4  stm32f10x_tim.o(.text)
    TIM_SetCompare2                          0x08003201   Thumb Code     4  stm32f10x_tim.o(.text)
    TIM_SetCompare3                          0x08003205   Thumb Code     4  stm32f10x_tim.o(.text)
    TIM_SetCompare4                          0x08003209   Thumb Code     6  stm32f10x_tim.o(.text)
    TIM_SetClockDivision                     0x0800320f   Thumb Code    18  stm32f10x_tim.o(.text)
    TIM_GetCapture1                          0x08003221   Thumb Code     6  stm32f10x_tim.o(.text)
    TIM_GetCapture2                          0x08003227   Thumb Code     6  stm32f10x_tim.o(.text)
    TIM_GetCapture3                          0x0800322d   Thumb Code     6  stm32f10x_tim.o(.text)
    TIM_GetCapture4                          0x08003233   Thumb Code     8  stm32f10x_tim.o(.text)
    TIM_GetCounter                           0x0800323b   Thumb Code     6  stm32f10x_tim.o(.text)
    TIM_GetPrescaler                         0x08003241   Thumb Code     6  stm32f10x_tim.o(.text)
    TIM_GetFlagStatus                        0x08003247   Thumb Code    18  stm32f10x_tim.o(.text)
    TIM_ClearFlag                            0x08003259   Thumb Code     6  stm32f10x_tim.o(.text)
    TIM_GetITStatus                          0x0800325f   Thumb Code    34  stm32f10x_tim.o(.text)
    TIM_ClearITPendingBit                    0x08003281   Thumb Code     6  stm32f10x_tim.o(.text)
    DMA_DeInit                               0x08003289   Thumb Code   320  stm32f10x_dma.o(.text)
    DMA_Init                                 0x080033c9   Thumb Code    60  stm32f10x_dma.o(.text)
    DMA_StructInit                           0x08003405   Thumb Code    26  stm32f10x_dma.o(.text)
    DMA_Cmd                                  0x0800341f   Thumb Code    24  stm32f10x_dma.o(.text)
    DMA_ITConfig                             0x08003437   Thumb Code    18  stm32f10x_dma.o(.text)
    DMA_SetCurrDataCounter                   0x08003449   Thumb Code     4  stm32f10x_dma.o(.text)
    DMA_GetCurrDataCounter                   0x0800344d   Thumb Code     8  stm32f10x_dma.o(.text)
    DMA_GetFlagStatus                        0x08003455   Thumb Code    34  stm32f10x_dma.o(.text)
    DMA_ClearFlag                            0x08003477   Thumb Code    18  stm32f10x_dma.o(.text)
    DMA_GetITStatus                          0x08003489   Thumb Code    34  stm32f10x_dma.o(.text)
    DMA_ClearITPendingBit                    0x080034ab   Thumb Code    18  stm32f10x_dma.o(.text)
    EXTI_DeInit                              0x080034d1   Thumb Code    30  stm32f10x_exti.o(.text)
    EXTI_Init                                0x080034ef   Thumb Code   160  stm32f10x_exti.o(.text)
    EXTI_StructInit                          0x0800358f   Thumb Code    16  stm32f10x_exti.o(.text)
    EXTI_GenerateSWInterrupt                 0x0800359f   Thumb Code    16  stm32f10x_exti.o(.text)
    EXTI_GetFlagStatus                       0x080035af   Thumb Code    20  stm32f10x_exti.o(.text)
    EXTI_ClearFlag                           0x080035c3   Thumb Code     6  stm32f10x_exti.o(.text)
    EXTI_GetITStatus                         0x080035c9   Thumb Code    34  stm32f10x_exti.o(.text)
    EXTI_ClearITPendingBit                   0x080035eb   Thumb Code     6  stm32f10x_exti.o(.text)
    sim_at_response                          0x0800360d   Thumb Code    46  sim900a.o(.text)
    sim900a_check_cmd                        0x0800363b   Thumb Code    44  sim900a.o(.text)
    sim900a_send_cmd                         0x08003667   Thumb Code   116  sim900a.o(.text)
    sim900a_chr2hex                          0x080036db   Thumb Code    54  sim900a.o(.text)
    sim900a_hex2chr                          0x08003711   Thumb Code    34  sim900a.o(.text)
    sim900a_word_test                        0x08003733   Thumb Code    88  sim900a.o(.text)
    SIM900A_CONNECT_SERVER                   0x0800378b   Thumb Code   122  sim900a.o(.text)
    SIM900A_GPRS_SEND_DATA                   0x08003805   Thumb Code    58  sim900a.o(.text)
    SIM900A_MESSAGE_MODE                     0x0800383f   Thumb Code   122  sim900a.o(.text)
    SIM900A_SEND_MESSAGE                     0x080038b9   Thumb Code    76  sim900a.o(.text)
    SIM808_GPS_HANDLE                        0x08003905   Thumb Code   684  sim900a.o(.text)
    SIM_HANDLE_TCP_CMD                       0x08003bb1   Thumb Code    34  sim900a.o(.text)
    __use_no_semihosting                     0x08003bed   Thumb Code     2  use_no_semi_2.o(.text)
    __c89vsprintf                            0x08003bf1   Thumb Code    32  c89vsprintf.o(.text)
    __2printf                                0x08003c15   Thumb Code    20  __2printf.o(.text)
    __2sprintf                               0x08003c2d   Thumb Code    38  __2sprintf.o(.text)
    _printf_pre_padding                      0x08003c59   Thumb Code    44  _printf_pad.o(.text)
    _printf_post_padding                     0x08003c85   Thumb Code    36  _printf_pad.o(.text)
    _printf_str                              0x08003ca9   Thumb Code    82  _printf_str.o(.text)
    _printf_int_dec                          0x08003cfd   Thumb Code    98  _printf_dec.o(.text)
    _printf_longlong_hex                     0x08003d71   Thumb Code    92  _printf_hex_int_ll_ptr.o(.text)
    _printf_int_hex                          0x08003dcd   Thumb Code    28  _printf_hex_int_ll_ptr.o(.text)
    _printf_ll_hex                           0x08003de9   Thumb Code    12  _printf_hex_int_ll_ptr.o(.text)
    _printf_hex_ptr                          0x08003df5   Thumb Code    18  _printf_hex_int_ll_ptr.o(.text)
    __printf                                 0x08003e0d   Thumb Code   406  __printf_flags_ss_wp.o(.text)
    strtok                                   0x08003fa9   Thumb Code     6  strtok.o(.text)
    strstr                                   0x08003fb5   Thumb Code    36  strstr.o(.text)
    strlen                                   0x08003fd9   Thumb Code    62  strlen.o(.text)
    __use_two_region_memory                  0x08004017   Thumb Code     2  heapauxi.o(.text)
    __rt_heap_escrow$2region                 0x08004019   Thumb Code     2  heapauxi.o(.text)
    __rt_heap_expand$2region                 0x0800401b   Thumb Code     2  heapauxi.o(.text)
    __I$use$semihosting                      0x0800401d   Thumb Code     0  use_no_semi.o(.text)
    __use_no_semihosting_swi                 0x0800401d   Thumb Code     2  use_no_semi.o(.text)
    __read_errno                             0x0800401f   Thumb Code    10  _rserrno.o(.text)
    __set_errno                              0x08004029   Thumb Code    12  _rserrno.o(.text)
    _printf_truncate_signed                  0x08004035   Thumb Code    18  _printf_truncate.o(.text)
    _printf_truncate_unsigned                0x08004047   Thumb Code    18  _printf_truncate.o(.text)
    _printf_int_common                       0x08004059   Thumb Code   180  _printf_intcommon.o(.text)
    _printf_charcount                        0x0800410d   Thumb Code    42  _printf_charcount.o(.text)
    __lib_sel_fp_printf                      0x08004137   Thumb Code     2  _printf_fp_dec.o(.text)
    _printf_fp_dec_real                      0x080042dd   Thumb Code   616  _printf_fp_dec.o(.text)
    _printf_char_common                      0x0800454f   Thumb Code    32  _printf_char_common.o(.text)
    _sputc                                   0x08004575   Thumb Code    10  _sputc.o(.text)
    _printf_cs_common                        0x0800457f   Thumb Code    20  _printf_char.o(.text)
    _printf_char                             0x08004593   Thumb Code    16  _printf_char.o(.text)
    _printf_string                           0x080045a3   Thumb Code     8  _printf_char.o(.text)
    _printf_char_file                        0x080045ad   Thumb Code    32  _printf_char_file.o(.text)
    _printf_wctomb                           0x080045d1   Thumb Code   182  _printf_wctomb.o(.text)
    _printf_longlong_dec                     0x0800468d   Thumb Code   104  _printf_longlong_dec.o(.text)
    _printf_longlong_oct                     0x08004705   Thumb Code    76  _printf_oct_int_ll.o(.text)
    _printf_int_oct                          0x08004751   Thumb Code    24  _printf_oct_int_ll.o(.text)
    _printf_ll_oct                           0x08004769   Thumb Code    12  _printf_oct_int_ll.o(.text)
    __strtok_internal                        0x0800477d   Thumb Code    66  strtok_int.o(.text)
    __rt_udiv10                              0x080047c5   Thumb Code    16  rtudiv10.o(.text)
    __rt_locale                              0x080047d5   Thumb Code    12  rt_locale_intlibspace.o(.text)
    __aeabi_errno_addr                       0x080047e1   Thumb Code    12  rt_errno_addr_intlibspace.o(.text)
    __errno$intlibspace                      0x080047e1   Thumb Code     0  rt_errno_addr_intlibspace.o(.text)
    __rt_errno_addr$intlibspace              0x080047e1   Thumb Code     0  rt_errno_addr_intlibspace.o(.text)
    _ll_udiv10                               0x080047ed   Thumb Code   138  lludiv10.o(.text)
    _printf_fp_infnan                        0x08004879   Thumb Code   108  _printf_fp_infnan.o(.text)
    _printf_lcs_common                       0x080048f5   Thumb Code    20  _printf_wchar.o(.text)
    _printf_wchar                            0x08004909   Thumb Code    16  _printf_wchar.o(.text)
    _printf_wstring                          0x08004919   Thumb Code     8  _printf_wchar.o(.text)
    _btod_etento                             0x08004921   Thumb Code   230  bigflt0.o(.text)
    ferror                                   0x08004a0d   Thumb Code     8  ferror.o(.text)
    _wcrtomb                                 0x08004a15   Thumb Code    64  _wcrtomb.o(.text)
    strcspn                                  0x08004a55   Thumb Code    32  strcspn.o(.text)
    strspn                                   0x08004a75   Thumb Code    28  strspn.o(.text)
    __user_libspace                          0x08004a91   Thumb Code     8  libspace.o(.text)
    __user_perproc_libspace                  0x08004a91   Thumb Code     0  libspace.o(.text)
    __user_perthread_libspace                0x08004a91   Thumb Code     0  libspace.o(.text)
    __user_setup_stackheap                   0x08004a99   Thumb Code    74  sys_stackheap_outer.o(.text)
    __rt_ctype_table                         0x08004ae5   Thumb Code    16  rt_ctype_table.o(.text)
    exit                                     0x08004af5   Thumb Code    12  exit.o(.text)
    strcmp                                   0x08004b01   Thumb Code   128  strcmpv7m.o(.text)
    __rt_fp_status_addr                      0x08004b81   Thumb Code    12  rt_fp_status_addr_intlibspace.o(.text)
    _btod_d2e                                0x08004b8d   Thumb Code    62  btod.o(CL$$btod_d2e)
    _d2e_denorm_low                          0x08004bcb   Thumb Code    70  btod.o(CL$$btod_d2e_denorm_low)
    _d2e_norm_op1                            0x08004c11   Thumb Code    96  btod.o(CL$$btod_d2e_norm_op1)
    __btod_div_common                        0x08004c71   Thumb Code   696  btod.o(CL$$btod_div_common)
    _e2e                                     0x08004fa9   Thumb Code   198  btod.o(CL$$btod_e2e)
    _btod_ediv                               0x0800506f   Thumb Code    40  btod.o(CL$$btod_ediv)
    _btod_emul                               0x08005097   Thumb Code    40  btod.o(CL$$btod_emul)
    __btod_mult_common                       0x080050bf   Thumb Code   580  btod.o(CL$$btod_mult_common)
    __ARM_fpclassify                         0x08005303   Thumb Code    40  fpclassify.o(i.__ARM_fpclassify)
    __kernel_poly                            0x0800532b   Thumb Code   170  poly.o(i.__kernel_poly)
    log                                      0x080053d5   Thumb Code   818  log.o(i.log)
    log10                                    0x08005741   Thumb Code   212  log10.o(i.log10)
    sqrt                                     0x08005835   Thumb Code    74  sqrt.o(i.sqrt)
    _get_lc_numeric                          0x08005881   Thumb Code    44  lc_numeric_c.o(locale$$code)
    _get_lc_ctype                            0x080058ad   Thumb Code    44  lc_ctype_c.o(locale$$code)
    __aeabi_d2f                              0x080058d9   Thumb Code     0  d2f.o(x$fpl$d2f)
    _d2f                                     0x080058d9   Thumb Code    98  d2f.o(x$fpl$d2f)
    __aeabi_dadd                             0x0800593d   Thumb Code     0  daddsub_clz.o(x$fpl$dadd)
    _dadd                                    0x0800593d   Thumb Code   328  daddsub_clz.o(x$fpl$dadd)
    __fpl_dcheck_NaN1                        0x08005a89   Thumb Code    10  dcheck1.o(x$fpl$dcheck1)
    __fpl_dcmp_Inf                           0x08005a99   Thumb Code    24  dcmpi.o(x$fpl$dcmpinf)
    __aeabi_ddiv                             0x08005ab1   Thumb Code     0  ddiv.o(x$fpl$ddiv)
    _ddiv                                    0x08005ab1   Thumb Code   552  ddiv.o(x$fpl$ddiv)
    __aeabi_cdcmpeq                          0x08005d61   Thumb Code     0  deqf.o(x$fpl$deqf)
    _dcmpeq                                  0x08005d61   Thumb Code   120  deqf.o(x$fpl$deqf)
    __aeabi_i2d                              0x08005dd9   Thumb Code     0  dflt_clz.o(x$fpl$dflt)
    _dflt                                    0x08005dd9   Thumb Code    46  dflt_clz.o(x$fpl$dflt)
    __aeabi_dmul                             0x08005e09   Thumb Code     0  dmul.o(x$fpl$dmul)
    _dmul                                    0x08005e09   Thumb Code   332  dmul.o(x$fpl$dmul)
    __fpl_dnaninf                            0x08005f5d   Thumb Code   156  dnaninf.o(x$fpl$dnaninf)
    __fpl_dretinf                            0x08005ff9   Thumb Code    12  dretinf.o(x$fpl$dretinf)
    __aeabi_drsub                            0x08006005   Thumb Code     0  daddsub_clz.o(x$fpl$drsb)
    _drsb                                    0x08006005   Thumb Code    22  daddsub_clz.o(x$fpl$drsb)
    _dsqrt                                   0x0800601d   Thumb Code   456  dsqrt_noumaal.o(x$fpl$dsqrt)
    __aeabi_dsub                             0x080061e9   Thumb Code     0  daddsub_clz.o(x$fpl$dsub)
    _dsub                                    0x080061e9   Thumb Code   464  daddsub_clz.o(x$fpl$dsub)
    __aeabi_f2d                              0x080063bd   Thumb Code     0  f2d.o(x$fpl$f2d)
    _f2d                                     0x080063bd   Thumb Code    86  f2d.o(x$fpl$f2d)
    __aeabi_fadd                             0x08006415   Thumb Code     0  faddsub_clz.o(x$fpl$fadd)
    _fadd                                    0x08006415   Thumb Code   196  faddsub_clz.o(x$fpl$fadd)
    __fpl_fcmp_Inf                           0x080064d9   Thumb Code    24  fcmpi.o(x$fpl$fcmpinf)
    __aeabi_fdiv                             0x080064f1   Thumb Code     0  fdiv.o(x$fpl$fdiv)
    _fdiv                                    0x080064f1   Thumb Code   384  fdiv.o(x$fpl$fdiv)
    __aeabi_f2uiz                            0x08006675   Thumb Code     0  ffixu.o(x$fpl$ffixu)
    _ffixu                                   0x08006675   Thumb Code    62  ffixu.o(x$fpl$ffixu)
    __aeabi_ui2f                             0x080066b5   Thumb Code     0  fflt_clz.o(x$fpl$ffltu)
    _ffltu                                   0x080066b5   Thumb Code    38  fflt_clz.o(x$fpl$ffltu)
    __aeabi_cfcmple                          0x080066dd   Thumb Code     0  fleqf.o(x$fpl$fleqf)
    _fcmple                                  0x080066dd   Thumb Code   104  fleqf.o(x$fpl$fleqf)
    __fpl_fcmple_InfNaN                      0x0800672f   Thumb Code     0  fleqf.o(x$fpl$fleqf)
    __aeabi_fmul                             0x08006745   Thumb Code     0  fmul.o(x$fpl$fmul)
    _fmul                                    0x08006745   Thumb Code   258  fmul.o(x$fpl$fmul)
    __fpl_fnaninf                            0x08006847   Thumb Code   140  fnaninf.o(x$fpl$fnaninf)
    _fp_init                                 0x080068d3   Thumb Code    14  fpinit.o(x$fpl$fpinit)
    __fplib_config_pureend_doubles           0x080068df   Thumb Code     0  fpinit.o(x$fpl$fpinit)
    __fpl_fretinf                            0x080068e1   Thumb Code    10  fretinf.o(x$fpl$fretinf)
    __aeabi_cfrcmple                         0x080068eb   Thumb Code     0  frleqf.o(x$fpl$frleqf)
    _frcmple                                 0x080068eb   Thumb Code    98  frleqf.o(x$fpl$frleqf)
    __aeabi_fsub                             0x0800694d   Thumb Code     0  faddsub_clz.o(x$fpl$fsub)
    _fsub                                    0x0800694d   Thumb Code   234  faddsub_clz.o(x$fpl$fsub)
    _printf_fp_dec                           0x08006a37   Thumb Code     4  printf1.o(x$fpl$printf1)
    __fpl_return_NaN                         0x08006a3b   Thumb Code   100  retnan.o(x$fpl$retnan)
    __ARM_scalbn                             0x08006a9f   Thumb Code     0  scalbn.o(x$fpl$scalbn)
    scalbn                                   0x08006a9f   Thumb Code    96  scalbn.o(x$fpl$scalbn)
    __fpl_inf_scalbn                         0x08006afd   Thumb Code     0  scalbn.o(x$fpl$scalbn)
    __fpl_cmpreturn                          0x08006aff   Thumb Code    48  trapv.o(x$fpl$trapveneer)
    __I$use$fp                               0x08006b2f   Thumb Code     0  usenofp.o(x$fpl$usenofp)
    __mathlib_zero                           0x08006c40   Data           8  qnan.o(.constdata)
    Region$$Table$$Base                      0x08006c48   Number         0  anon$$obj.o(Region$$Table)
    Region$$Table$$Limit                     0x08006c68   Number         0  anon$$obj.o(Region$$Table)
    __ctype                                  0x08006c91   Data           0  lc_ctype_c.o(locale$$data)
    BMP1                                     0x20000000   Data        1024  main.o(.data)
    BMP2                                     0x20000400   Data        1024  main.o(.data)
    MCU_SN                                   0x20000800   Data           6  main.o(.data)
    SystemCoreClock                          0x20000808   Data           4  system_stm32f10x.o(.data)
    AHBPrescTable                            0x2000080c   Data          16  system_stm32f10x.o(.data)
    time_count                               0x2000081c   Data           2  timer.o(.data)
    USART2_RX_STA                            0x2000081e   Data           2  usart2.o(.data)
    USART2_RX_REC_ATCOMMAD                   0x20000820   Data           1  usart2.o(.data)
    Flag_Send_data                           0x20000824   Data           4  exti.o(.data)
    USART_RX_STA                             0x2000082c   Data           2  usart.o(.data)
    __stdout                                 0x20000830   Data           4  usart.o(.data)
    Flag_send_message                        0x20000848   Data           1  sim900a.o(.data)
    Flag_Rec_TCP                             0x20000849   Data           1  sim900a.o(.data)
    SIM900_CSQ                               0x2000084a   Data           3  sim900a.o(.data)
    USART2_TX_BUF                            0x20000858   Data        1024  usart2.o(.bss)
    USART3_TX_BUF                            0x20000c58   Data        1024  usart2.o(.bss)
    USART2_RX_BUF                            0x20001058   Data        1024  usart2.o(.bss)
    USART_RX_BUF                             0x20001458   Data        3000  usart.o(.bss)
    dtbuf                                    0x20002010   Data          50  sim900a.o(.bss)
    __libspace_start                         0x20002044   Data          96  libspace.o(.bss)
    __temporary_stack_top$libspace           0x200020a4   Data           0  libspace.o(.bss)



==============================================================================

Memory Map of the image

  Image Entry point : 0x08000131

  Load Region LR_IROM1 (Base: 0x08000000, Size: 0x000075e8, Max: 0x00010000, ABSOLUTE, COMPRESSED[0x00006f98])

    Execution Region ER_IROM1 (Base: 0x08000000, Size: 0x00006d94, Max: 0x00010000, ABSOLUTE)

    Base Addr    Size         Type   Attr      Idx    E Section Name        Object

    0x08000000   0x00000130   Data   RO          337    RESET               startup_stm32f10x_hd.o
    0x08000130   0x00000008   Code   RO          543  * !!!main             c_w.l(__main.o)(c_w.l)
    0x08000138   0x00000034   Code   RO          936    !!!scatter          c_w.l(__scatter.o)(c_w.l)
    0x0800016c   0x00000064   Code   RO          934    !!dclz77c           c_w.l(__dclz77c.o)(c_w.l)
    0x080001d0   0x0000001c   Code   RO          938    !!handler_zi        c_w.l(__scatter_zi.o)(c_w.l)
    0x080001ec   0x00000000   Code   RO          533    .ARM.Collect$$_printf_percent$$00000000  c_w.l(_printf_percent.o)(c_w.l)
    0x080001ec   0x00000006   Code   RO          637    .ARM.Collect$$_printf_percent$$00000001  c_w.l(_printf_n.o)(c_w.l)
    0x080001f2   0x00000006   Code   RO          638    .ARM.Collect$$_printf_percent$$00000002  c_w.l(_printf_p.o)(c_w.l)
    0x080001f8   0x00000006   Code   RO          532    .ARM.Collect$$_printf_percent$$00000003  c_w.l(_printf_f.o)(c_w.l)
    0x080001fe   0x00000006   Code   RO          642    .ARM.Collect$$_printf_percent$$00000004  c_w.l(_printf_e.o)(c_w.l)
    0x08000204   0x00000006   Code   RO          643    .ARM.Collect$$_printf_percent$$00000005  c_w.l(_printf_g.o)(c_w.l)
    0x0800020a   0x00000006   Code   RO          644    .ARM.Collect$$_printf_percent$$00000006  c_w.l(_printf_a.o)(c_w.l)
    0x08000210   0x0000000a   Code   RO          649    .ARM.Collect$$_printf_percent$$00000007  c_w.l(_printf_ll.o)(c_w.l)
    0x0800021a   0x00000006   Code   RO          640    .ARM.Collect$$_printf_percent$$00000008  c_w.l(_printf_i.o)(c_w.l)
    0x08000220   0x00000006   Code   RO          531    .ARM.Collect$$_printf_percent$$00000009  c_w.l(_printf_d.o)(c_w.l)
    0x08000226   0x00000006   Code   RO          641    .ARM.Collect$$_printf_percent$$0000000A  c_w.l(_printf_u.o)(c_w.l)
    0x0800022c   0x00000006   Code   RO          639    .ARM.Collect$$_printf_percent$$0000000B  c_w.l(_printf_o.o)(c_w.l)
    0x08000232   0x00000006   Code   RO          530    .ARM.Collect$$_printf_percent$$0000000C  c_w.l(_printf_x.o)(c_w.l)
    0x08000238   0x00000006   Code   RO          646    .ARM.Collect$$_printf_percent$$0000000D  c_w.l(_printf_lli.o)(c_w.l)
    0x0800023e   0x00000006   Code   RO          647    .ARM.Collect$$_printf_percent$$0000000E  c_w.l(_printf_lld.o)(c_w.l)
    0x08000244   0x00000006   Code   RO          648    .ARM.Collect$$_printf_percent$$0000000F  c_w.l(_printf_llu.o)(c_w.l)
    0x0800024a   0x00000006   Code   RO          653    .ARM.Collect$$_printf_percent$$00000010  c_w.l(_printf_llo.o)(c_w.l)
    0x08000250   0x00000006   Code   RO          654    .ARM.Collect$$_printf_percent$$00000011  c_w.l(_printf_llx.o)(c_w.l)
    0x08000256   0x0000000a   Code   RO          650    .ARM.Collect$$_printf_percent$$00000012  c_w.l(_printf_l.o)(c_w.l)
    0x08000260   0x00000006   Code   RO          636    .ARM.Collect$$_printf_percent$$00000013  c_w.l(_printf_c.o)(c_w.l)
    0x08000266   0x00000006   Code   RO          529    .ARM.Collect$$_printf_percent$$00000014  c_w.l(_printf_s.o)(c_w.l)
    0x0800026c   0x00000006   Code   RO          651    .ARM.Collect$$_printf_percent$$00000015  c_w.l(_printf_lc.o)(c_w.l)
    0x08000272   0x00000006   Code   RO          652    .ARM.Collect$$_printf_percent$$00000016  c_w.l(_printf_ls.o)(c_w.l)
    0x08000278   0x00000004   Code   RO          645    .ARM.Collect$$_printf_percent$$00000017  c_w.l(_printf_percent_end.o)(c_w.l)
    0x0800027c   0x00000006   Code   RO          804    .ARM.Collect$$libinit$$00000000  c_w.l(libinit.o)(c_w.l)
    0x08000282   0x00000000   Code   RO          807    .ARM.Collect$$libinit$$00000006  c_w.l(libinit2.o)(c_w.l)
    0x08000282   0x00000000   Code   RO          809    .ARM.Collect$$libinit$$00000008  c_w.l(libinit2.o)(c_w.l)
    0x08000282   0x00000000   Code   RO          811    .ARM.Collect$$libinit$$0000000A  c_w.l(libinit2.o)(c_w.l)
    0x08000282   0x00000006   Code   RO          812    .ARM.Collect$$libinit$$0000000B  c_w.l(libinit2.o)(c_w.l)
    0x08000288   0x00000000   Code   RO          814    .ARM.Collect$$libinit$$0000000D  c_w.l(libinit2.o)(c_w.l)
    0x08000288   0x0000000c   Code   RO          815    .ARM.Collect$$libinit$$0000000E  c_w.l(libinit2.o)(c_w.l)
    0x08000294   0x00000000   Code   RO          816    .ARM.Collect$$libinit$$0000000F  c_w.l(libinit2.o)(c_w.l)
    0x08000294   0x00000000   Code   RO          818    .ARM.Collect$$libinit$$00000011  c_w.l(libinit2.o)(c_w.l)
    0x08000294   0x0000000a   Code   RO          819    .ARM.Collect$$libinit$$00000012  c_w.l(libinit2.o)(c_w.l)
    0x0800029e   0x00000000   Code   RO          820    .ARM.Collect$$libinit$$00000013  c_w.l(libinit2.o)(c_w.l)
    0x0800029e   0x00000000   Code   RO          822    .ARM.Collect$$libinit$$00000015  c_w.l(libinit2.o)(c_w.l)
    0x0800029e   0x00000000   Code   RO          824    .ARM.Collect$$libinit$$00000017  c_w.l(libinit2.o)(c_w.l)
    0x0800029e   0x00000000   Code   RO          826    .ARM.Collect$$libinit$$00000019  c_w.l(libinit2.o)(c_w.l)
    0x0800029e   0x00000000   Code   RO          828    .ARM.Collect$$libinit$$0000001B  c_w.l(libinit2.o)(c_w.l)
    0x0800029e   0x00000000   Code   RO          830    .ARM.Collect$$libinit$$0000001D  c_w.l(libinit2.o)(c_w.l)
    0x0800029e   0x00000000   Code   RO          832    .ARM.Collect$$libinit$$0000001F  c_w.l(libinit2.o)(c_w.l)
    0x0800029e   0x00000000   Code   RO          834    .ARM.Collect$$libinit$$00000021  c_w.l(libinit2.o)(c_w.l)
    0x0800029e   0x00000000   Code   RO          838    .ARM.Collect$$libinit$$00000028  c_w.l(libinit2.o)(c_w.l)
    0x0800029e   0x00000000   Code   RO          840    .ARM.Collect$$libinit$$0000002A  c_w.l(libinit2.o)(c_w.l)
    0x0800029e   0x00000000   Code   RO          842    .ARM.Collect$$libinit$$0000002C  c_w.l(libinit2.o)(c_w.l)
    0x0800029e   0x00000000   Code   RO          844    .ARM.Collect$$libinit$$0000002E  c_w.l(libinit2.o)(c_w.l)
    0x0800029e   0x00000002   Code   RO          845    .ARM.Collect$$libinit$$0000002F  c_w.l(libinit2.o)(c_w.l)
    0x080002a0   0x00000002   Code   RO          886    .ARM.Collect$$libshutdown$$00000000  c_w.l(libshutdown.o)(c_w.l)
    0x080002a2   0x00000000   Code   RO          895    .ARM.Collect$$libshutdown$$00000003  c_w.l(libshutdown2.o)(c_w.l)
    0x080002a2   0x00000000   Code   RO          898    .ARM.Collect$$libshutdown$$00000006  c_w.l(libshutdown2.o)(c_w.l)
    0x080002a2   0x00000000   Code   RO          901    .ARM.Collect$$libshutdown$$00000009  c_w.l(libshutdown2.o)(c_w.l)
    0x080002a2   0x00000000   Code   RO          903    .ARM.Collect$$libshutdown$$0000000B  c_w.l(libshutdown2.o)(c_w.l)
    0x080002a2   0x00000000   Code   RO          906    .ARM.Collect$$libshutdown$$0000000E  c_w.l(libshutdown2.o)(c_w.l)
    0x080002a2   0x00000002   Code   RO          907    .ARM.Collect$$libshutdown$$0000000F  c_w.l(libshutdown2.o)(c_w.l)
    0x080002a4   0x00000000   Code   RO          605    .ARM.Collect$$rtentry$$00000000  c_w.l(rtentry.o)(c_w.l)
    0x080002a4   0x00000000   Code   RO          699    .ARM.Collect$$rtentry$$00000002  c_w.l(rtentry2.o)(c_w.l)
    0x080002a4   0x00000006   Code   RO          714    .ARM.Collect$$rtentry$$00000004  c_w.l(rtentry4.o)(c_w.l)
    0x080002aa   0x00000000   Code   RO          701    .ARM.Collect$$rtentry$$00000009  c_w.l(rtentry2.o)(c_w.l)
    0x080002aa   0x00000004   Code   RO          702    .ARM.Collect$$rtentry$$0000000A  c_w.l(rtentry2.o)(c_w.l)
    0x080002ae   0x00000000   Code   RO          704    .ARM.Collect$$rtentry$$0000000C  c_w.l(rtentry2.o)(c_w.l)
    0x080002ae   0x00000008   Code   RO          705    .ARM.Collect$$rtentry$$0000000D  c_w.l(rtentry2.o)(c_w.l)
    0x080002b6   0x00000002   Code   RO          848    .ARM.Collect$$rtexit$$00000000  c_w.l(rtexit.o)(c_w.l)
    0x080002b8   0x00000000   Code   RO          860    .ARM.Collect$$rtexit$$00000002  c_w.l(rtexit2.o)(c_w.l)
    0x080002b8   0x00000004   Code   RO          861    .ARM.Collect$$rtexit$$00000003  c_w.l(rtexit2.o)(c_w.l)
    0x080002bc   0x00000006   Code   RO          862    .ARM.Collect$$rtexit$$00000004  c_w.l(rtexit2.o)(c_w.l)
    0x080002c2   0x00000002   PAD
    0x080002c4   0x00000260   Code   RO            1    .text               main.o
    0x08000524   0x0000001a   Code   RO          103    .text               stm32f10x_it.o
    0x0800053e   0x00000002   PAD
    0x08000540   0x000001c8   Code   RO          135    .text               system_stm32f10x.o
    0x08000708   0x000000e8   Code   RO          153    .text               timer.o
    0x080007f0   0x0000038c   Code   RO          168    .text               usart2.o
    0x08000b7c   0x00000090   Code   RO          195    .text               exti.o
    0x08000c0c   0x00000038   Code   RO          231    .text               led.o
    0x08000c44   0x000004b8   Code   RO          243    .text               max31865.o
    0x080010fc   0x00000568   Code   RO          259    .text               sht1x.o
    0x08001664   0x000000c4   Code   RO          271    .text               delay.o
    0x08001728   0x0000000c   Code   RO          285    .text               sys.o
    0x08001734   0x00000164   Code   RO          297    .text               usart.o
    0x08001898   0x00000040   Code   RO          338    .text               startup_stm32f10x_hd.o
    0x080018d8   0x000000f8   Code   RO          342    .text               misc.o
    0x080019d0   0x00000358   Code   RO          354    .text               stm32f10x_gpio.o
    0x08001d28   0x000003a4   Code   RO          366    .text               stm32f10x_rcc.o
    0x080020cc   0x0000040c   Code   RO          380    .text               stm32f10x_usart.o
    0x080024d8   0x00000dae   Code   RO          392    .text               stm32f10x_tim.o
    0x08003286   0x00000002   PAD
    0x08003288   0x00000248   Code   RO          404    .text               stm32f10x_dma.o
    0x080034d0   0x0000013c   Code   RO          416    .text               stm32f10x_exti.o
    0x0800360c   0x000005e0   Code   RO          443    .text               sim900a.o
    0x08003bec   0x00000002   Code   RO          470    .text               c_w.l(use_no_semi_2.o)(c_w.l)
    0x08003bee   0x00000002   PAD
    0x08003bf0   0x00000024   Code   RO          472    .text               c_w.l(c89vsprintf.o)(c_w.l)
    0x08003c14   0x00000018   Code   RO          474    .text               c_w.l(__2printf.o)(c_w.l)
    0x08003c2c   0x0000002c   Code   RO          476    .text               c_w.l(__2sprintf.o)(c_w.l)
    0x08003c58   0x00000050   Code   RO          484    .text               c_w.l(_printf_pad.o)(c_w.l)
    0x08003ca8   0x00000052   Code   RO          486    .text               c_w.l(_printf_str.o)(c_w.l)
    0x08003cfa   0x00000002   PAD
    0x08003cfc   0x00000074   Code   RO          488    .text               c_w.l(_printf_dec.o)(c_w.l)
    0x08003d70   0x0000009c   Code   RO          508    .text               c_w.l(_printf_hex_int_ll_ptr.o)(c_w.l)
    0x08003e0c   0x0000019c   Code   RO          526    .text               c_w.l(__printf_flags_ss_wp.o)(c_w.l)
    0x08003fa8   0x0000000c   Code   RO          534    .text               c_w.l(strtok.o)(c_w.l)
    0x08003fb4   0x00000024   Code   RO          537    .text               c_w.l(strstr.o)(c_w.l)
    0x08003fd8   0x0000003e   Code   RO          539    .text               c_w.l(strlen.o)(c_w.l)
    0x08004016   0x00000006   Code   RO          541    .text               c_w.l(heapauxi.o)(c_w.l)
    0x0800401c   0x00000002   Code   RO          603    .text               c_w.l(use_no_semi.o)(c_w.l)
    0x0800401e   0x00000016   Code   RO          607    .text               c_w.l(_rserrno.o)(c_w.l)
    0x08004034   0x00000024   Code   RO          609    .text               c_w.l(_printf_truncate.o)(c_w.l)
    0x08004058   0x000000b4   Code   RO          611    .text               c_w.l(_printf_intcommon.o)(c_w.l)
    0x0800410c   0x0000002a   Code   RO          613    .text               c_w.l(_printf_charcount.o)(c_w.l)
    0x08004136   0x0000040e   Code   RO          615    .text               c_w.l(_printf_fp_dec.o)(c_w.l)
    0x08004544   0x00000030   Code   RO          617    .text               c_w.l(_printf_char_common.o)(c_w.l)
    0x08004574   0x0000000a   Code   RO          619    .text               c_w.l(_sputc.o)(c_w.l)
    0x0800457e   0x0000002c   Code   RO          621    .text               c_w.l(_printf_char.o)(c_w.l)
    0x080045aa   0x00000002   PAD
    0x080045ac   0x00000024   Code   RO          623    .text               c_w.l(_printf_char_file.o)(c_w.l)
    0x080045d0   0x000000bc   Code   RO          625    .text               c_w.l(_printf_wctomb.o)(c_w.l)
    0x0800468c   0x00000078   Code   RO          628    .text               c_w.l(_printf_longlong_dec.o)(c_w.l)
    0x08004704   0x00000078   Code   RO          634    .text               c_w.l(_printf_oct_int_ll.o)(c_w.l)
    0x0800477c   0x00000048   Code   RO          655    .text               c_w.l(strtok_int.o)(c_w.l)
    0x080047c4   0x00000010   Code   RO          657    .text               c_w.l(rtudiv10.o)(c_w.l)
    0x080047d4   0x0000000c   Code   RO          719    .text               c_w.l(rt_locale_intlibspace.o)(c_w.l)
    0x080047e0   0x0000000c   Code   RO          724    .text               c_w.l(rt_errno_addr_intlibspace.o)(c_w.l)
    0x080047ec   0x0000008a   Code   RO          726    .text               c_w.l(lludiv10.o)(c_w.l)
    0x08004876   0x00000002   PAD
    0x08004878   0x0000007c   Code   RO          728    .text               c_w.l(_printf_fp_infnan.o)(c_w.l)
    0x080048f4   0x0000002c   Code   RO          732    .text               c_w.l(_printf_wchar.o)(c_w.l)
    0x08004920   0x000000ec   Code   RO          734    .text               c_w.l(bigflt0.o)(c_w.l)
    0x08004a0c   0x00000008   Code   RO          759    .text               c_w.l(ferror.o)(c_w.l)
    0x08004a14   0x00000040   Code   RO          763    .text               c_w.l(_wcrtomb.o)(c_w.l)
    0x08004a54   0x00000020   Code   RO          768    .text               c_w.l(strcspn.o)(c_w.l)
    0x08004a74   0x0000001c   Code   RO          770    .text               c_w.l(strspn.o)(c_w.l)
    0x08004a90   0x00000008   Code   RO          787    .text               c_w.l(libspace.o)(c_w.l)
    0x08004a98   0x0000004a   Code   RO          790    .text               c_w.l(sys_stackheap_outer.o)(c_w.l)
    0x08004ae2   0x00000002   PAD
    0x08004ae4   0x00000010   Code   RO          792    .text               c_w.l(rt_ctype_table.o)(c_w.l)
    0x08004af4   0x0000000c   Code   RO          794    .text               c_w.l(exit.o)(c_w.l)
    0x08004b00   0x00000080   Code   RO          796    .text               c_w.l(strcmpv7m.o)(c_w.l)
    0x08004b80   0x0000000c   Code   RO          870    .text               c_w.l(rt_fp_status_addr_intlibspace.o)(c_w.l)
    0x08004b8c   0x0000003e   Code   RO          737    CL$$btod_d2e        c_w.l(btod.o)(c_w.l)
    0x08004bca   0x00000046   Code   RO          739    CL$$btod_d2e_denorm_low  c_w.l(btod.o)(c_w.l)
    0x08004c10   0x00000060   Code   RO          738    CL$$btod_d2e_norm_op1  c_w.l(btod.o)(c_w.l)
    0x08004c70   0x00000338   Code   RO          747    CL$$btod_div_common  c_w.l(btod.o)(c_w.l)
    0x08004fa8   0x000000c6   Code   RO          744    CL$$btod_e2e        c_w.l(btod.o)(c_w.l)
    0x0800506e   0x00000028   Code   RO          741    CL$$btod_ediv       c_w.l(btod.o)(c_w.l)
    0x08005096   0x00000028   Code   RO          740    CL$$btod_emul       c_w.l(btod.o)(c_w.l)
    0x080050be   0x00000244   Code   RO          746    CL$$btod_mult_common  c_w.l(btod.o)(c_w.l)
    0x08005302   0x00000028   Code   RO          782    i.__ARM_fpclassify  m_ws.l(fpclassify.o)(m_ws.l)
    0x0800532a   0x000000aa   Code   RO          784    i.__kernel_poly     m_ws.l(poly.o)(m_ws.l)
    0x080053d4   0x0000036c   Code   RO          689    i.log               m_ws.l(log.o)(m_ws.l)
    0x08005740   0x000000f4   Code   RO          588    i.log10             m_ws.l(log10.o)(m_ws.l)
    0x08005834   0x0000004a   Code   RO          596    i.sqrt              m_ws.l(sqrt.o)(m_ws.l)
    0x0800587e   0x00000002   PAD
    0x08005880   0x0000002c   Code   RO          766    locale$$code        c_w.l(lc_numeric_c.o)(c_w.l)
    0x080058ac   0x0000002c   Code   RO          851    locale$$code        c_w.l(lc_ctype_c.o)(c_w.l)
    0x080058d8   0x00000062   Code   RO          545    x$fpl$d2f           fz_ws.l(d2f.o)(fz_ws.l)
    0x0800593a   0x00000002   PAD
    0x0800593c   0x0000014c   Code   RO          547    x$fpl$dadd          fz_ws.l(daddsub_clz.o)(fz_ws.l)
    0x08005a88   0x00000010   Code   RO          772    x$fpl$dcheck1       fz_ws.l(dcheck1.o)(fz_ws.l)
    0x08005a98   0x00000018   Code   RO          774    x$fpl$dcmpinf       fz_ws.l(dcmpi.o)(fz_ws.l)
    0x08005ab0   0x000002b0   Code   RO          554    x$fpl$ddiv          fz_ws.l(ddiv.o)(fz_ws.l)
    0x08005d60   0x00000078   Code   RO          776    x$fpl$deqf          fz_ws.l(deqf.o)(fz_ws.l)
    0x08005dd8   0x0000002e   Code   RO          660    x$fpl$dflt          fz_ws.l(dflt_clz.o)(fz_ws.l)
    0x08005e06   0x00000002   PAD
    0x08005e08   0x00000154   Code   RO          557    x$fpl$dmul          fz_ws.l(dmul.o)(fz_ws.l)
    0x08005f5c   0x0000009c   Code   RO          667    x$fpl$dnaninf       fz_ws.l(dnaninf.o)(fz_ws.l)
    0x08005ff8   0x0000000c   Code   RO          669    x$fpl$dretinf       fz_ws.l(dretinf.o)(fz_ws.l)
    0x08006004   0x00000016   Code   RO          548    x$fpl$drsb          fz_ws.l(daddsub_clz.o)(fz_ws.l)
    0x0800601a   0x00000002   PAD
    0x0800601c   0x000001cc   Code   RO          671    x$fpl$dsqrt         fz_ws.l(dsqrt_noumaal.o)(fz_ws.l)
    0x080061e8   0x000001d4   Code   RO          549    x$fpl$dsub          fz_ws.l(daddsub_clz.o)(fz_ws.l)
    0x080063bc   0x00000056   Code   RO          559    x$fpl$f2d           fz_ws.l(f2d.o)(fz_ws.l)
    0x08006412   0x00000002   PAD
    0x08006414   0x000000c4   Code   RO          561    x$fpl$fadd          fz_ws.l(faddsub_clz.o)(fz_ws.l)
    0x080064d8   0x00000018   Code   RO          778    x$fpl$fcmpinf       fz_ws.l(fcmpi.o)(fz_ws.l)
    0x080064f0   0x00000184   Code   RO          568    x$fpl$fdiv          fz_ws.l(fdiv.o)(fz_ws.l)
    0x08006674   0x0000003e   Code   RO          571    x$fpl$ffixu         fz_ws.l(ffixu.o)(fz_ws.l)
    0x080066b2   0x00000002   PAD
    0x080066b4   0x00000026   Code   RO          575    x$fpl$ffltu         fz_ws.l(fflt_clz.o)(fz_ws.l)
    0x080066da   0x00000002   PAD
    0x080066dc   0x00000068   Code   RO          673    x$fpl$fleqf         fz_ws.l(fleqf.o)(fz_ws.l)
    0x08006744   0x00000102   Code   RO          581    x$fpl$fmul          fz_ws.l(fmul.o)(fz_ws.l)
    0x08006846   0x0000008c   Code   RO          675    x$fpl$fnaninf       fz_ws.l(fnaninf.o)(fz_ws.l)
    0x080068d2   0x0000000e   Code   RO          855    x$fpl$fpinit        fz_ws.l(fpinit.o)(fz_ws.l)
    0x080068e0   0x0000000a   Code   RO          677    x$fpl$fretinf       fz_ws.l(fretinf.o)(fz_ws.l)
    0x080068ea   0x00000062   Code   RO          583    x$fpl$frleqf        fz_ws.l(frleqf.o)(fz_ws.l)
    0x0800694c   0x000000ea   Code   RO          563    x$fpl$fsub          fz_ws.l(faddsub_clz.o)(fz_ws.l)
    0x08006a36   0x00000004   Code   RO          585    x$fpl$printf1       fz_ws.l(printf1.o)(fz_ws.l)
    0x08006a3a   0x00000064   Code   RO          846    x$fpl$retnan        fz_ws.l(retnan.o)(fz_ws.l)
    0x08006a9e   0x00000060   Code   RO          682    x$fpl$scalbn        fz_ws.l(scalbn.o)(fz_ws.l)
    0x08006afe   0x00000030   Code   RO          857    x$fpl$trapveneer    fz_ws.l(trapv.o)(fz_ws.l)
    0x08006b2e   0x00000000   Code   RO          687    x$fpl$usenofp       fz_ws.l(usenofp.o)(fz_ws.l)
    0x08006b2e   0x00000028   Data   RO          509    .constdata          c_w.l(_printf_hex_int_ll_ptr.o)(c_w.l)
    0x08006b56   0x00000011   Data   RO          527    .constdata          c_w.l(__printf_flags_ss_wp.o)(c_w.l)
    0x08006b67   0x00000001   PAD
    0x08006b68   0x00000008   Data   RO          626    .constdata          c_w.l(_printf_wctomb.o)(c_w.l)
    0x08006b70   0x00000038   Data   RO          690    .constdata          m_ws.l(log.o)(m_ws.l)
    0x08006ba8   0x00000094   Data   RO          735    .constdata          c_w.l(bigflt0.o)(c_w.l)
    0x08006c3c   0x00000004   PAD
    0x08006c40   0x00000008   Data   RO          786    .constdata          m_ws.l(qnan.o)(m_ws.l)
    0x08006c48   0x00000020   Data   RO          932    Region$$Table       anon$$obj.o
    0x08006c68   0x0000001c   Data   RO          765    locale$$data        c_w.l(lc_numeric_c.o)(c_w.l)
    0x08006c84   0x00000110   Data   RO          850    locale$$data        c_w.l(lc_ctype_c.o)(c_w.l)


    Execution Region RW_IRAM1 (Base: 0x20000000, Size: 0x000026a8, Max: 0x00005000, ABSOLUTE, COMPRESSED[0x00000204])

    Base Addr    Size         Type   Attr      Idx    E Section Name        Object

    0x20000000   0x00000806   Data   RW            2    .data               main.o
    0x20000806   0x00000002   PAD
    0x20000808   0x00000014   Data   RW          136    .data               system_stm32f10x.o
    0x2000081c   0x00000002   Data   RW          154    .data               timer.o
    0x2000081e   0x00000003   Data   RW          170    .data               usart2.o
    0x20000821   0x00000003   PAD
    0x20000824   0x00000004   Data   RW          196    .data               exti.o
    0x20000828   0x00000004   Data   RW          272    .data               delay.o
    0x2000082c   0x00000008   Data   RW          299    .data               usart.o
    0x20000834   0x00000014   Data   RW          367    .data               stm32f10x_rcc.o
    0x20000848   0x00000005   Data   RW          445    .data               sim900a.o
    0x2000084d   0x00000003   PAD
    0x20000850   0x00000004   Data   RW          535    .data               c_w.l(strtok.o)(c_w.l)
    0x20000854   0x00000004   PAD
    0x20000858   0x00000c00   Zero   RW          169    .bss                usart2.o
    0x20001458   0x00000bb8   Zero   RW          298    .bss                usart.o
    0x20002010   0x00000032   Zero   RW          444    .bss                sim900a.o
    0x20002042   0x00000002   PAD
    0x20002044   0x00000060   Zero   RW          788    .bss                c_w.l(libspace.o)(c_w.l)
    0x200020a4   0x00000004   PAD
    0x200020a8   0x00000200   Zero   RW          336    HEAP                startup_stm32f10x_hd.o
    0x200022a8   0x00000400   Zero   RW          335    STACK               startup_stm32f10x_hd.o


==============================================================================

Image component sizes


      Code (inc. data)   RO Data    RW Data    ZI Data      Debug   Object Name

         0          0          0          0          0          0   core_cm3.o
       196         16          0          4          0          0   delay.o
       144          8          0          4          0          0   exti.o
        56          6          0          0          0          0   led.o
       608        106          0       2054          0          0   main.o
      1208         72          0          0          0          0   max31865.o
       248         30          0          0          0          0   misc.o
      1384         72          0          0          0          0   sht1x.o
      1504        462          0          5         50          0   sim900a.o
        64         26        304          0       1536          0   startup_stm32f10x_hd.o
       584         20          0          0          0          0   stm32f10x_dma.o
       316         28          0          0          0          0   stm32f10x_exti.o
       856         40          0          0          0          0   stm32f10x_gpio.o
        26          0          0          0          0          0   stm32f10x_it.o
       932         52          0         20          0          0   stm32f10x_rcc.o
      3502         86          0          0          0          0   stm32f10x_tim.o
      1036         20          0          0          0          0   stm32f10x_usart.o
        12          0          0          0          0          0   sys.o
       456         36          0         20          0          0   system_stm32f10x.o
       232         10          0          2          0          0   timer.o
       356         22          0          8       3000          0   usart.o
       908         60          0          3       3072          0   usart2.o

    ----------------------------------------------------------------------
     14632       1172        336       2128       7660          0   Object Totals
         0          0         32          0          0          0   (incl. Generated)
         4          0          0          8          2          3   (incl. Padding)

    ----------------------------------------------------------------------

      Code (inc. data)   RO Data    RW Data    ZI Data      Debug   Library Member Name

        24          4          0          0          0          0   __2printf.o
        44          6          0          0          0          0   __2sprintf.o
       100          0          0          0          0          0   __dclz77c.o
         8          0          0          0          0          0   __main.o
       412          6         17          0          0          0   __printf_flags_ss_wp.o
        52          8          0          0          0          0   __scatter.o
        28          0          0          0          0          0   __scatter_zi.o
         6          0          0          0          0          0   _printf_a.o
         6          0          0          0          0          0   _printf_c.o
        44          0          0          0          0          0   _printf_char.o
        48          6          0          0          0          0   _printf_char_common.o
        36          4          0          0          0          0   _printf_char_file.o
        42          0          0          0          0          0   _printf_charcount.o
         6          0          0          0          0          0   _printf_d.o
       116         18          0          0          0          0   _printf_dec.o
         6          0          0          0          0          0   _printf_e.o
         6          0          0          0          0          0   _printf_f.o
      1038          0          0          0          0          0   _printf_fp_dec.o
       124         16          0          0          0          0   _printf_fp_infnan.o
         6          0          0          0          0          0   _printf_g.o
       156          6         40          0          0          0   _printf_hex_int_ll_ptr.o
         6          0          0          0          0          0   _printf_i.o
       180          0          0          0          0          0   _printf_intcommon.o
        10          0          0          0          0          0   _printf_l.o
         6          0          0          0          0          0   _printf_lc.o
        10          0          0          0          0          0   _printf_ll.o
         6          0          0          0          0          0   _printf_lld.o
         6          0          0          0          0          0   _printf_lli.o
         6          0          0          0          0          0   _printf_llo.o
         6          0          0          0          0          0   _printf_llu.o
         6          0          0          0          0          0   _printf_llx.o
       120         16          0          0          0          0   _printf_longlong_dec.o
         6          0          0          0          0          0   _printf_ls.o
         6          0          0          0          0          0   _printf_n.o
         6          0          0          0          0          0   _printf_o.o
       120          8          0          0          0          0   _printf_oct_int_ll.o
         6          0          0          0          0          0   _printf_p.o
        80          0          0          0          0          0   _printf_pad.o
         0          0          0          0          0          0   _printf_percent.o
         4          0          0          0          0          0   _printf_percent_end.o
         6          0          0          0          0          0   _printf_s.o
        82          0          0          0          0          0   _printf_str.o
        36          0          0          0          0          0   _printf_truncate.o
         6          0          0          0          0          0   _printf_u.o
        44          0          0          0          0          0   _printf_wchar.o
       188          6          8          0          0          0   _printf_wctomb.o
         6          0          0          0          0          0   _printf_x.o
        22          0          0          0          0          0   _rserrno.o
        10          0          0          0          0          0   _sputc.o
        64          0          0          0          0          0   _wcrtomb.o
       236          6        148          0          0          0   bigflt0.o
      1910        128          0          0          0          0   btod.o
        36          4          0          0          0          0   c89vsprintf.o
        12          0          0          0          0          0   exit.o
         8          0          0          0          0          0   ferror.o
         6          0          0          0          0          0   heapauxi.o
        44         10        272          0          0          0   lc_ctype_c.o
        44         10         28          0          0          0   lc_numeric_c.o
         6          0          0          0          0          0   libinit.o
        30          0          0          0          0          0   libinit2.o
         2          0          0          0          0          0   libshutdown.o
         2          0          0          0          0          0   libshutdown2.o
         8          4          0          0         96          0   libspace.o
       138          0          0          0          0          0   lludiv10.o
        16          4          0          0          0          0   rt_ctype_table.o
        12          4          0          0          0          0   rt_errno_addr_intlibspace.o
        12          4          0          0          0          0   rt_fp_status_addr_intlibspace.o
        12          4          0          0          0          0   rt_locale_intlibspace.o
         0          0          0          0          0          0   rtentry.o
        12          0          0          0          0          0   rtentry2.o
         6          0          0          0          0          0   rtentry4.o
         2          0          0          0          0          0   rtexit.o
        10          0          0          0          0          0   rtexit2.o
        16          0          0          0          0          0   rtudiv10.o
       128          0          0          0          0          0   strcmpv7m.o
        32          0          0          0          0          0   strcspn.o
        62          0          0          0          0          0   strlen.o
        28          0          0          0          0          0   strspn.o
        36          0          0          0          0          0   strstr.o
        12          6          0          4          0          0   strtok.o
        72          6          0          0          0          0   strtok_int.o
        74          0          0          0          0          0   sys_stackheap_outer.o
         2          0          0          0          0          0   use_no_semi.o
         2          0          0          0          0          0   use_no_semi_2.o
        98          4          0          0          0          0   d2f.o
       822         16          0          0          0          0   daddsub_clz.o
        16          4          0          0          0          0   dcheck1.o
        24          0          0          0          0          0   dcmpi.o
       688        140          0          0          0          0   ddiv.o
       120          4          0          0          0          0   deqf.o
        46          0          0          0          0          0   dflt_clz.o
       340         12          0          0          0          0   dmul.o
       156          4          0          0          0          0   dnaninf.o
        12          0          0          0          0          0   dretinf.o
       460         56          0          0          0          0   dsqrt_noumaal.o
        86          4          0          0          0          0   f2d.o
       430          8          0          0          0          0   faddsub_clz.o
        24          0          0          0          0          0   fcmpi.o
       388         76          0          0          0          0   fdiv.o
        62          4          0          0          0          0   ffixu.o
        38          0          0          0          0          0   fflt_clz.o
       104          4          0          0          0          0   fleqf.o
       258          4          0          0          0          0   fmul.o
       140          4          0          0          0          0   fnaninf.o
        14          0          0          0          0          0   fpinit.o
        10          0          0          0          0          0   fretinf.o
        98          0          0          0          0          0   frleqf.o
         4          0          0          0          0          0   printf1.o
       100          0          0          0          0          0   retnan.o
        96          0          0          0          0          0   scalbn.o
        48          0          0          0          0          0   trapv.o
         0          0          0          0          0          0   usenofp.o
        40          0          0          0          0          0   fpclassify.o
       876         58         56          0          0          0   log.o
       244         32          0          0          0          0   log10.o
       170          0          0          0          0          0   poly.o
         0          0          8          0          0          0   qnan.o
        74          0          0          0          0          0   sqrt.o

    ----------------------------------------------------------------------
     12502        728        582          4        104          0   Library Totals
        26          0          5          0          8          0   (incl. Padding)

    ----------------------------------------------------------------------

      Code (inc. data)   RO Data    RW Data    ZI Data      Debug   Library Name

      6390        294        513          4         96       4800   c_w.l
      4682        344          0          0          0       2636   fz_ws.l
      1404         90         64          0          0        660   m_ws.l

    ----------------------------------------------------------------------
     12502        728        582          4        104          0   Library Totals

    ----------------------------------------------------------------------

==============================================================================


      Code (inc. data)   RO Data    RW Data    ZI Data      Debug   

     27134       1900        918       2132       7764     347524   Grand Totals
     27134       1900        918        516       7764     347524   ELF Image Totals (compressed)
     27134       1900        918        516          0          0   ROM Totals

==============================================================================

    Total RO  Size (Code + RO Data)                28052 (  27.39kB)
    Total RW  Size (RW Data + ZI Data)              9896 (   9.66kB)
    Total ROM Size (Code + RO Data + RW Data)      28568 (  27.90kB)

==============================================================================

